<!doctype html public "-//w3c//dtd html 4.0 transitional//en">
<html><head>
<title>Static Call Graph - [..\OBJ\CAR.axf]</title></head>
<body><HR>
<H1>Static Call Graph for image ..\OBJ\CAR.axf</H1><HR>
<BR><P>#&#060CALLGRAPH&#062# ARM Linker, 5060422: Last Updated: Sun Jul 22 16:31:42 2018
<BR><P>
<H3>Maximum Stack Usage =       1008 bytes + Unknown(Functions without stacksize, Cycles, Untraceable Function Pointers)</H3><H3>
Call chain for Maximum Stack Depth:</H3>
__rt_entry_main &rArr; main &rArr; System_Init &rArr; mpu_dmp_init &rArr; run_self_test &rArr; mpu_run_6500_self_test &rArr; get_st_6500_biases &rArr; __2printf &rArr; _printf_char_file &rArr; _printf_char_common &rArr; __printf
<P>
<H3>
Functions with no stack information
</H3><UL>
 <LI><a href="#[195]">__user_initial_stackheap</a>
</UL>
</UL>
<P>
<H3>
Mutually Recursive functions
</H3> <LI><a href="#[25]">ADC_IRQHandler</a>&nbsp;&nbsp;&nbsp;&rArr;&nbsp;&nbsp;&nbsp;<a href="#[25]">ADC_IRQHandler</a><BR>
 <LI><a href="#[d]">BusFault_Handler</a>&nbsp;&nbsp;&nbsp;&rArr;&nbsp;&nbsp;&nbsp;<a href="#[d]">BusFault_Handler</a><BR>
 <LI><a href="#[b]">HardFault_Handler</a>&nbsp;&nbsp;&nbsp;&rArr;&nbsp;&nbsp;&nbsp;<a href="#[b]">HardFault_Handler</a><BR>
 <LI><a href="#[c]">MemManage_Handler</a>&nbsp;&nbsp;&nbsp;&rArr;&nbsp;&nbsp;&nbsp;<a href="#[c]">MemManage_Handler</a><BR>
 <LI><a href="#[e]">UsageFault_Handler</a>&nbsp;&nbsp;&nbsp;&rArr;&nbsp;&nbsp;&nbsp;<a href="#[e]">UsageFault_Handler</a><BR>
</UL>
<P>
<H3>
Function Pointers
</H3><UL>
 <LI><a href="#[25]">ADC_IRQHandler</a> from startup_stm32f40_41xxx.o(.text) referenced from startup_stm32f40_41xxx.o(RESET)
 <LI><a href="#[d]">BusFault_Handler</a> from stm32f4xx_it.o(i.BusFault_Handler) referenced from startup_stm32f40_41xxx.o(RESET)
 <LI><a href="#[27]">CAN1_RX0_IRQHandler</a> from startup_stm32f40_41xxx.o(.text) referenced from startup_stm32f40_41xxx.o(RESET)
 <LI><a href="#[28]">CAN1_RX1_IRQHandler</a> from startup_stm32f40_41xxx.o(.text) referenced from startup_stm32f40_41xxx.o(RESET)
 <LI><a href="#[29]">CAN1_SCE_IRQHandler</a> from startup_stm32f40_41xxx.o(.text) referenced from startup_stm32f40_41xxx.o(RESET)
 <LI><a href="#[26]">CAN1_TX_IRQHandler</a> from startup_stm32f40_41xxx.o(.text) referenced from startup_stm32f40_41xxx.o(RESET)
 <LI><a href="#[53]">CAN2_RX0_IRQHandler</a> from startup_stm32f40_41xxx.o(.text) referenced from startup_stm32f40_41xxx.o(RESET)
 <LI><a href="#[54]">CAN2_RX1_IRQHandler</a> from startup_stm32f40_41xxx.o(.text) referenced from startup_stm32f40_41xxx.o(RESET)
 <LI><a href="#[55]">CAN2_SCE_IRQHandler</a> from startup_stm32f40_41xxx.o(.text) referenced from startup_stm32f40_41xxx.o(RESET)
 <LI><a href="#[52]">CAN2_TX_IRQHandler</a> from startup_stm32f40_41xxx.o(.text) referenced from startup_stm32f40_41xxx.o(RESET)
 <LI><a href="#[62]">CRYP_IRQHandler</a> from startup_stm32f40_41xxx.o(.text) referenced from startup_stm32f40_41xxx.o(RESET)
 <LI><a href="#[61]">DCMI_IRQHandler</a> from startup_stm32f40_41xxx.o(.text) referenced from startup_stm32f40_41xxx.o(RESET)
 <LI><a href="#[1e]">DMA1_Stream0_IRQHandler</a> from startup_stm32f40_41xxx.o(.text) referenced from startup_stm32f40_41xxx.o(RESET)
 <LI><a href="#[1f]">DMA1_Stream1_IRQHandler</a> from startup_stm32f40_41xxx.o(.text) referenced from startup_stm32f40_41xxx.o(RESET)
 <LI><a href="#[20]">DMA1_Stream2_IRQHandler</a> from startup_stm32f40_41xxx.o(.text) referenced from startup_stm32f40_41xxx.o(RESET)
 <LI><a href="#[21]">DMA1_Stream3_IRQHandler</a> from startup_stm32f40_41xxx.o(.text) referenced from startup_stm32f40_41xxx.o(RESET)
 <LI><a href="#[22]">DMA1_Stream4_IRQHandler</a> from startup_stm32f40_41xxx.o(.text) referenced from startup_stm32f40_41xxx.o(RESET)
 <LI><a href="#[23]">DMA1_Stream5_IRQHandler</a> from startup_stm32f40_41xxx.o(.text) referenced from startup_stm32f40_41xxx.o(RESET)
 <LI><a href="#[24]">DMA1_Stream6_IRQHandler</a> from startup_stm32f40_41xxx.o(.text) referenced from startup_stm32f40_41xxx.o(RESET)
 <LI><a href="#[42]">DMA1_Stream7_IRQHandler</a> from startup_stm32f40_41xxx.o(.text) referenced from startup_stm32f40_41xxx.o(RESET)
 <LI><a href="#[4b]">DMA2_Stream0_IRQHandler</a> from startup_stm32f40_41xxx.o(.text) referenced from startup_stm32f40_41xxx.o(RESET)
 <LI><a href="#[4c]">DMA2_Stream1_IRQHandler</a> from startup_stm32f40_41xxx.o(.text) referenced from startup_stm32f40_41xxx.o(RESET)
 <LI><a href="#[4d]">DMA2_Stream2_IRQHandler</a> from startup_stm32f40_41xxx.o(.text) referenced from startup_stm32f40_41xxx.o(RESET)
 <LI><a href="#[4e]">DMA2_Stream3_IRQHandler</a> from startup_stm32f40_41xxx.o(.text) referenced from startup_stm32f40_41xxx.o(RESET)
 <LI><a href="#[4f]">DMA2_Stream4_IRQHandler</a> from startup_stm32f40_41xxx.o(.text) referenced from startup_stm32f40_41xxx.o(RESET)
 <LI><a href="#[57]">DMA2_Stream5_IRQHandler</a> from startup_stm32f40_41xxx.o(.text) referenced from startup_stm32f40_41xxx.o(RESET)
 <LI><a href="#[58]">DMA2_Stream6_IRQHandler</a> from startup_stm32f40_41xxx.o(.text) referenced from startup_stm32f40_41xxx.o(RESET)
 <LI><a href="#[59]">DMA2_Stream7_IRQHandler</a> from startup_stm32f40_41xxx.o(.text) referenced from startup_stm32f40_41xxx.o(RESET)
 <LI><a href="#[10]">DebugMon_Handler</a> from stm32f4xx_it.o(i.DebugMon_Handler) referenced from startup_stm32f40_41xxx.o(RESET)
 <LI><a href="#[50]">ETH_IRQHandler</a> from startup_stm32f40_41xxx.o(.text) referenced from startup_stm32f40_41xxx.o(RESET)
 <LI><a href="#[51]">ETH_WKUP_IRQHandler</a> from startup_stm32f40_41xxx.o(.text) referenced from startup_stm32f40_41xxx.o(RESET)
 <LI><a href="#[19]">EXTI0_IRQHandler</a> from startup_stm32f40_41xxx.o(.text) referenced from startup_stm32f40_41xxx.o(RESET)
 <LI><a href="#[3b]">EXTI15_10_IRQHandler</a> from startup_stm32f40_41xxx.o(.text) referenced from startup_stm32f40_41xxx.o(RESET)
 <LI><a href="#[1a]">EXTI1_IRQHandler</a> from startup_stm32f40_41xxx.o(.text) referenced from startup_stm32f40_41xxx.o(RESET)
 <LI><a href="#[1b]">EXTI2_IRQHandler</a> from startup_stm32f40_41xxx.o(.text) referenced from startup_stm32f40_41xxx.o(RESET)
 <LI><a href="#[1c]">EXTI3_IRQHandler</a> from startup_stm32f40_41xxx.o(.text) referenced from startup_stm32f40_41xxx.o(RESET)
 <LI><a href="#[1d]">EXTI4_IRQHandler</a> from startup_stm32f40_41xxx.o(.text) referenced from startup_stm32f40_41xxx.o(RESET)
 <LI><a href="#[2a]">EXTI9_5_IRQHandler</a> from startup_stm32f40_41xxx.o(.text) referenced from startup_stm32f40_41xxx.o(RESET)
 <LI><a href="#[17]">FLASH_IRQHandler</a> from startup_stm32f40_41xxx.o(.text) referenced from startup_stm32f40_41xxx.o(RESET)
 <LI><a href="#[64]">FPU_IRQHandler</a> from startup_stm32f40_41xxx.o(.text) referenced from startup_stm32f40_41xxx.o(RESET)
 <LI><a href="#[43]">FSMC_IRQHandler</a> from startup_stm32f40_41xxx.o(.text) referenced from startup_stm32f40_41xxx.o(RESET)
 <LI><a href="#[63]">HASH_RNG_IRQHandler</a> from startup_stm32f40_41xxx.o(.text) referenced from startup_stm32f40_41xxx.o(RESET)
 <LI><a href="#[b]">HardFault_Handler</a> from stm32f4xx_it.o(i.HardFault_Handler) referenced from startup_stm32f40_41xxx.o(RESET)
 <LI><a href="#[33]">I2C1_ER_IRQHandler</a> from startup_stm32f40_41xxx.o(.text) referenced from startup_stm32f40_41xxx.o(RESET)
 <LI><a href="#[32]">I2C1_EV_IRQHandler</a> from startup_stm32f40_41xxx.o(.text) referenced from startup_stm32f40_41xxx.o(RESET)
 <LI><a href="#[35]">I2C2_ER_IRQHandler</a> from startup_stm32f40_41xxx.o(.text) referenced from startup_stm32f40_41xxx.o(RESET)
 <LI><a href="#[34]">I2C2_EV_IRQHandler</a> from startup_stm32f40_41xxx.o(.text) referenced from startup_stm32f40_41xxx.o(RESET)
 <LI><a href="#[5c]">I2C3_ER_IRQHandler</a> from startup_stm32f40_41xxx.o(.text) referenced from startup_stm32f40_41xxx.o(RESET)
 <LI><a href="#[5b]">I2C3_EV_IRQHandler</a> from startup_stm32f40_41xxx.o(.text) referenced from startup_stm32f40_41xxx.o(RESET)
 <LI><a href="#[c]">MemManage_Handler</a> from stm32f4xx_it.o(i.MemManage_Handler) referenced from startup_stm32f40_41xxx.o(RESET)
 <LI><a href="#[a]">NMI_Handler</a> from stm32f4xx_it.o(i.NMI_Handler) referenced from startup_stm32f40_41xxx.o(RESET)
 <LI><a href="#[56]">OTG_FS_IRQHandler</a> from startup_stm32f40_41xxx.o(.text) referenced from startup_stm32f40_41xxx.o(RESET)
 <LI><a href="#[3d]">OTG_FS_WKUP_IRQHandler</a> from startup_stm32f40_41xxx.o(.text) referenced from startup_stm32f40_41xxx.o(RESET)
 <LI><a href="#[5e]">OTG_HS_EP1_IN_IRQHandler</a> from startup_stm32f40_41xxx.o(.text) referenced from startup_stm32f40_41xxx.o(RESET)
 <LI><a href="#[5d]">OTG_HS_EP1_OUT_IRQHandler</a> from startup_stm32f40_41xxx.o(.text) referenced from startup_stm32f40_41xxx.o(RESET)
 <LI><a href="#[60]">OTG_HS_IRQHandler</a> from startup_stm32f40_41xxx.o(.text) referenced from startup_stm32f40_41xxx.o(RESET)
 <LI><a href="#[5f]">OTG_HS_WKUP_IRQHandler</a> from startup_stm32f40_41xxx.o(.text) referenced from startup_stm32f40_41xxx.o(RESET)
 <LI><a href="#[14]">PVD_IRQHandler</a> from startup_stm32f40_41xxx.o(.text) referenced from startup_stm32f40_41xxx.o(RESET)
 <LI><a href="#[11]">PendSV_Handler</a> from stm32f4xx_it.o(i.PendSV_Handler) referenced from startup_stm32f40_41xxx.o(RESET)
 <LI><a href="#[18]">RCC_IRQHandler</a> from startup_stm32f40_41xxx.o(.text) referenced from startup_stm32f40_41xxx.o(RESET)
 <LI><a href="#[3c]">RTC_Alarm_IRQHandler</a> from rtc.o(i.RTC_Alarm_IRQHandler) referenced from startup_stm32f40_41xxx.o(RESET)
 <LI><a href="#[16]">RTC_WKUP_IRQHandler</a> from rtc.o(i.RTC_WKUP_IRQHandler) referenced from startup_stm32f40_41xxx.o(RESET)
 <LI><a href="#[9]">Reset_Handler</a> from startup_stm32f40_41xxx.o(.text) referenced from startup_stm32f40_41xxx.o(RESET)
 <LI><a href="#[44]">SDIO_IRQHandler</a> from sdio_sdcard.o(i.SDIO_IRQHandler) referenced from startup_stm32f40_41xxx.o(RESET)
 <LI><a href="#[36]">SPI1_IRQHandler</a> from startup_stm32f40_41xxx.o(.text) referenced from startup_stm32f40_41xxx.o(RESET)
 <LI><a href="#[37]">SPI2_IRQHandler</a> from startup_stm32f40_41xxx.o(.text) referenced from startup_stm32f40_41xxx.o(RESET)
 <LI><a href="#[46]">SPI3_IRQHandler</a> from startup_stm32f40_41xxx.o(.text) referenced from startup_stm32f40_41xxx.o(RESET)
 <LI><a href="#[f]">SVC_Handler</a> from stm32f4xx_it.o(i.SVC_Handler) referenced from startup_stm32f40_41xxx.o(RESET)
 <LI><a href="#[12]">SysTick_Handler</a> from stm32f4xx_it.o(i.SysTick_Handler) referenced from startup_stm32f40_41xxx.o(RESET)
 <LI><a href="#[65]">SystemInit</a> from system_stm32f4xx.o(i.SystemInit) referenced from startup_stm32f40_41xxx.o(.text)
 <LI><a href="#[15]">TAMP_STAMP_IRQHandler</a> from startup_stm32f40_41xxx.o(.text) referenced from startup_stm32f40_41xxx.o(RESET)
 <LI><a href="#[2b]">TIM1_BRK_TIM9_IRQHandler</a> from startup_stm32f40_41xxx.o(.text) referenced from startup_stm32f40_41xxx.o(RESET)
 <LI><a href="#[2e]">TIM1_CC_IRQHandler</a> from startup_stm32f40_41xxx.o(.text) referenced from startup_stm32f40_41xxx.o(RESET)
 <LI><a href="#[2d]">TIM1_TRG_COM_TIM11_IRQHandler</a> from startup_stm32f40_41xxx.o(.text) referenced from startup_stm32f40_41xxx.o(RESET)
 <LI><a href="#[2c]">TIM1_UP_TIM10_IRQHandler</a> from startup_stm32f40_41xxx.o(.text) referenced from startup_stm32f40_41xxx.o(RESET)
 <LI><a href="#[2f]">TIM2_IRQHandler</a> from startup_stm32f40_41xxx.o(.text) referenced from startup_stm32f40_41xxx.o(RESET)
 <LI><a href="#[30]">TIM3_IRQHandler</a> from timer.o(i.TIM3_IRQHandler) referenced from startup_stm32f40_41xxx.o(RESET)
 <LI><a href="#[31]">TIM4_IRQHandler</a> from startup_stm32f40_41xxx.o(.text) referenced from startup_stm32f40_41xxx.o(RESET)
 <LI><a href="#[45]">TIM5_IRQHandler</a> from startup_stm32f40_41xxx.o(.text) referenced from startup_stm32f40_41xxx.o(RESET)
 <LI><a href="#[49]">TIM6_DAC_IRQHandler</a> from startup_stm32f40_41xxx.o(.text) referenced from startup_stm32f40_41xxx.o(RESET)
 <LI><a href="#[4a]">TIM7_IRQHandler</a> from startup_stm32f40_41xxx.o(.text) referenced from startup_stm32f40_41xxx.o(RESET)
 <LI><a href="#[3e]">TIM8_BRK_TIM12_IRQHandler</a> from startup_stm32f40_41xxx.o(.text) referenced from startup_stm32f40_41xxx.o(RESET)
 <LI><a href="#[41]">TIM8_CC_IRQHandler</a> from startup_stm32f40_41xxx.o(.text) referenced from startup_stm32f40_41xxx.o(RESET)
 <LI><a href="#[40]">TIM8_TRG_COM_TIM14_IRQHandler</a> from startup_stm32f40_41xxx.o(.text) referenced from startup_stm32f40_41xxx.o(RESET)
 <LI><a href="#[3f]">TIM8_UP_TIM13_IRQHandler</a> from startup_stm32f40_41xxx.o(.text) referenced from startup_stm32f40_41xxx.o(RESET)
 <LI><a href="#[6]">TP_Adjust</a> from touch.o(i.TP_Adjust) referenced 2 times from touch.o(.data)
 <LI><a href="#[4]">TP_Init</a> from touch.o(i.TP_Init) referenced 2 times from touch.o(.data)
 <LI><a href="#[5]">TP_Scan</a> from touch.o(i.TP_Scan) referenced 2 times from touch.o(.data)
 <LI><a href="#[47]">UART4_IRQHandler</a> from startup_stm32f40_41xxx.o(.text) referenced from startup_stm32f40_41xxx.o(RESET)
 <LI><a href="#[48]">UART5_IRQHandler</a> from startup_stm32f40_41xxx.o(.text) referenced from startup_stm32f40_41xxx.o(RESET)
 <LI><a href="#[38]">USART1_IRQHandler</a> from usart.o(i.USART1_IRQHandler) referenced from startup_stm32f40_41xxx.o(RESET)
 <LI><a href="#[39]">USART2_IRQHandler</a> from startup_stm32f40_41xxx.o(.text) referenced from startup_stm32f40_41xxx.o(RESET)
 <LI><a href="#[3a]">USART3_IRQHandler</a> from startup_stm32f40_41xxx.o(.text) referenced from startup_stm32f40_41xxx.o(RESET)
 <LI><a href="#[5a]">USART6_IRQHandler</a> from startup_stm32f40_41xxx.o(.text) referenced from startup_stm32f40_41xxx.o(RESET)
 <LI><a href="#[e]">UsageFault_Handler</a> from stm32f4xx_it.o(i.UsageFault_Handler) referenced from startup_stm32f40_41xxx.o(RESET)
 <LI><a href="#[13]">WWDG_IRQHandler</a> from startup_stm32f40_41xxx.o(.text) referenced from startup_stm32f40_41xxx.o(RESET)
 <LI><a href="#[75]">__main</a> from __main.o(!!!main) referenced from startup_stm32f40_41xxx.o(.text)
 <LI><a href="#[6e]">_get_lc_ctype</a> from lc_ctype_c.o(locale$$code) referenced from rt_ctype_table.o(.text)
 <LI><a href="#[6c]">_printf_input_char</a> from _printf_char_common.o(.text) referenced from _printf_char_common.o(.text)
 <LI><a href="#[6b]">_sputc</a> from _sputc.o(.text) referenced 2 times from vsprintf.o(.text)
 <LI><a href="#[6d]">fputc</a> from usart.o(i.fputc) referenced from _printf_char_file.o(.text)
 <LI><a href="#[15f]">inv_auto_calibrate</a> from accel_auto_cal.o(.text) referenced 3 times from accel_auto_cal.o(.text)
 <LI><a href="#[72]">inv_db_load_func</a> from data_builder.o(i.inv_db_load_func) referenced from data_builder.o(i.inv_init_data_builder)
 <LI><a href="#[71]">inv_db_save_func</a> from data_builder.o(i.inv_db_save_func) referenced from data_builder.o(i.inv_init_data_builder)
 <LI><a href="#[73]">inv_generate_eMPL_outputs</a> from empl_outputs.o(i.inv_generate_eMPL_outputs) referenced from empl_outputs.o(i.inv_start_eMPL_outputs)
 <LI><a href="#[fd]">inv_generate_fast_nomot</a> from fast_no_motion.o(.text) referenced 2 times from fast_no_motion.o(.text)
 <LI><a href="#[6a]">inv_generate_quaternion</a> from quaternion_supervisor.o(.text) referenced from quaternion_supervisor.o(.text)
 <LI><a href="#[74]">inv_generate_results</a> from results_holder.o(i.inv_generate_results) referenced from results_holder.o(i.inv_start_results_holder)
 <LI><a href="#[dd]">inv_generate_vector_compass_cal</a> from compass_vec_cal.o(.text) referenced 3 times from compass_vec_cal.o(.text)
 <LI><a href="#[67]">inv_gtc_data_cb</a> from gyro_tc.o(.text) referenced from gyro_tc.o(.text)
 <LI><a href="#[69]">inv_gtc_load</a> from gyro_tc.o(.text) referenced from gyro_tc.o(.text)
 <LI><a href="#[68]">inv_gtc_store</a> from gyro_tc.o(.text) referenced from gyro_tc.o(.text)
 <LI><a href="#[137]">inv_magnetic_disturbance_process</a> from mag_disturb.o(.text) referenced 4 times from mag_disturb.o(.text)
 <LI><a href="#[117]">inv_process_9x_sensor_fusion_cb</a> from fusion_9axis.o(.text) referenced 2 times from fusion_9axis.o(.text)
 <LI><a href="#[119]">inv_start_9x_sensor_fusion</a> from fusion_9axis.o(.text) referenced 2 times from fusion_9axis.o(.text)
 <LI><a href="#[6f]">inv_start_eMPL_outputs</a> from empl_outputs.o(i.inv_start_eMPL_outputs) referenced from empl_outputs.o(i.inv_enable_eMPL_outputs)
 <LI><a href="#[106]">inv_start_fast_nomot</a> from fast_no_motion.o(.text) referenced 2 times from fast_no_motion.o(.text)
 <LI><a href="#[124]">inv_start_gyro_tc</a> from gyro_tc.o(.text) referenced 2 times from gyro_tc.o(.text)
 <LI><a href="#[165]">inv_start_in_use_auto_calibration</a> from accel_auto_cal.o(.text) referenced 2 times from accel_auto_cal.o(.text)
 <LI><a href="#[139]">inv_start_magnetic_disturbance</a> from mag_disturb.o(.text) referenced from mag_disturb.o(.text)
 <LI><a href="#[14d]">inv_start_quaternion</a> from quaternion_supervisor.o(.text) referenced 2 times from quaternion_supervisor.o(.text)
 <LI><a href="#[70]">inv_start_results_holder</a> from results_holder.o(i.inv_start_results_holder) referenced from results_holder.o(i.inv_enable_results_holder)
 <LI><a href="#[df]">inv_start_vector_compass_cal</a> from compass_vec_cal.o(.text) referenced 2 times from compass_vec_cal.o(.text)
 <LI><a href="#[7]">my_mem_init</a> from malloc.o(i.my_mem_init) referenced 2 times from malloc.o(.data)
 <LI><a href="#[8]">my_mem_perused</a> from malloc.o(i.my_mem_perused) referenced 2 times from malloc.o(.data)
</UL>
<P>
<H3>
Global Symbols
</H3>
<P><STRONG><a name="[75]"></a>__main</STRONG> (Thumb, 8 bytes, Stack size 0 bytes, __main.o(!!!main))
<BR><BR>[Calls]<UL><LI><a href="#[77]">&gt;&gt;</a>&nbsp;&nbsp;&nbsp;__rt_entry
<LI><a href="#[76]">&gt;&gt;</a>&nbsp;&nbsp;&nbsp;__scatterload
</UL>

<P><STRONG><a name="[76]"></a>__scatterload</STRONG> (Thumb, 0 bytes, Stack size unknown bytes, __scatter.o(!!!scatter))
<BR><BR>[Called By]<UL><LI><a href="#[75]">&gt;&gt;</a>&nbsp;&nbsp;&nbsp;__main
</UL>

<P><STRONG><a name="[78]"></a>__scatterload_rt2</STRONG> (Thumb, 44 bytes, Stack size unknown bytes, __scatter.o(!!!scatter), UNUSED)
<BR><BR>[Calls]<UL><LI><a href="#[77]">&gt;&gt;</a>&nbsp;&nbsp;&nbsp;__rt_entry
</UL>

<P><STRONG><a name="[2dc]"></a>__scatterload_rt2_thumb_only</STRONG> (Thumb, 0 bytes, Stack size unknown bytes, __scatter.o(!!!scatter), UNUSED)

<P><STRONG><a name="[2dd]"></a>__scatterload_null</STRONG> (Thumb, 0 bytes, Stack size unknown bytes, __scatter.o(!!!scatter), UNUSED)

<P><STRONG><a name="[2de]"></a>__decompress</STRONG> (Thumb, 90 bytes, Stack size unknown bytes, __dczerorl2.o(!!dczerorl2), UNUSED)

<P><STRONG><a name="[2df]"></a>__decompress1</STRONG> (Thumb, 0 bytes, Stack size unknown bytes, __dczerorl2.o(!!dczerorl2), UNUSED)

<P><STRONG><a name="[2e0]"></a>__scatterload_zeroinit</STRONG> (Thumb, 28 bytes, Stack size unknown bytes, __scatter_zi.o(!!handler_zi), UNUSED)

<P><STRONG><a name="[79]"></a>_printf_n</STRONG> (Thumb, 0 bytes, Stack size unknown bytes, _printf_n.o(.ARM.Collect$$_printf_percent$$00000001))
<BR><BR>[Calls]<UL><LI><a href="#[7a]">&gt;&gt;</a>&nbsp;&nbsp;&nbsp;_printf_charcount
</UL>

<P><STRONG><a name="[179]"></a>_printf_percent</STRONG> (Thumb, 0 bytes, Stack size unknown bytes, _printf_percent.o(.ARM.Collect$$_printf_percent$$00000000))
<BR><BR>[Called By]<UL><LI><a href="#[177]">&gt;&gt;</a>&nbsp;&nbsp;&nbsp;__printf
</UL>

<P><STRONG><a name="[7b]"></a>_printf_p</STRONG> (Thumb, 0 bytes, Stack size unknown bytes, _printf_p.o(.ARM.Collect$$_printf_percent$$00000002))
<BR><BR>[Stack]<UL><LI>Max Depth = 64 + Unknown Stack Size
<LI>Call Chain = _printf_p &rArr; _printf_hex_ptr &rArr; _printf_longlong_hex &rArr; _printf_int_common &rArr; _printf_post_padding
</UL>
<BR>[Calls]<UL><LI><a href="#[7c]">&gt;&gt;</a>&nbsp;&nbsp;&nbsp;_printf_hex_ptr
</UL>

<P><STRONG><a name="[7d]"></a>_printf_f</STRONG> (Thumb, 0 bytes, Stack size unknown bytes, _printf_f.o(.ARM.Collect$$_printf_percent$$00000003))
<BR><BR>[Stack]<UL><LI>Max Depth = 320 + Unknown Stack Size
<LI>Call Chain = _printf_f &rArr; _printf_fp_dec &rArr; _printf_fp_dec_real &rArr; _fp_digits &rArr; _btod_etento &rArr; _btod_emul &rArr; _e2e
</UL>
<BR>[Calls]<UL><LI><a href="#[7e]">&gt;&gt;</a>&nbsp;&nbsp;&nbsp;_printf_fp_dec
</UL>

<P><STRONG><a name="[7f]"></a>_printf_e</STRONG> (Thumb, 0 bytes, Stack size unknown bytes, _printf_e.o(.ARM.Collect$$_printf_percent$$00000004))
<BR><BR>[Stack]<UL><LI>Max Depth = 320 + Unknown Stack Size
<LI>Call Chain = _printf_e &rArr; _printf_fp_dec &rArr; _printf_fp_dec_real &rArr; _fp_digits &rArr; _btod_etento &rArr; _btod_emul &rArr; _e2e
</UL>
<BR>[Calls]<UL><LI><a href="#[7e]">&gt;&gt;</a>&nbsp;&nbsp;&nbsp;_printf_fp_dec
</UL>

<P><STRONG><a name="[80]"></a>_printf_g</STRONG> (Thumb, 0 bytes, Stack size unknown bytes, _printf_g.o(.ARM.Collect$$_printf_percent$$00000005))
<BR><BR>[Stack]<UL><LI>Max Depth = 320 + Unknown Stack Size
<LI>Call Chain = _printf_g &rArr; _printf_fp_dec &rArr; _printf_fp_dec_real &rArr; _fp_digits &rArr; _btod_etento &rArr; _btod_emul &rArr; _e2e
</UL>
<BR>[Calls]<UL><LI><a href="#[7e]">&gt;&gt;</a>&nbsp;&nbsp;&nbsp;_printf_fp_dec
</UL>

<P><STRONG><a name="[81]"></a>_printf_a</STRONG> (Thumb, 0 bytes, Stack size unknown bytes, _printf_a.o(.ARM.Collect$$_printf_percent$$00000006))
<BR><BR>[Stack]<UL><LI>Max Depth = 112 + Unknown Stack Size
<LI>Call Chain = _printf_a &rArr; _printf_fp_hex &rArr; _printf_fp_hex_real &rArr; _printf_fp_infnan &rArr; _printf_post_padding
</UL>
<BR>[Calls]<UL><LI><a href="#[82]">&gt;&gt;</a>&nbsp;&nbsp;&nbsp;_printf_fp_hex
</UL>

<P><STRONG><a name="[2e1]"></a>_printf_ll</STRONG> (Thumb, 0 bytes, Stack size unknown bytes, _printf_ll.o(.ARM.Collect$$_printf_percent$$00000007))

<P><STRONG><a name="[83]"></a>_printf_i</STRONG> (Thumb, 0 bytes, Stack size unknown bytes, _printf_i.o(.ARM.Collect$$_printf_percent$$00000008))
<BR><BR>[Stack]<UL><LI>Max Depth = 72 + Unknown Stack Size
<LI>Call Chain = _printf_i &rArr; _printf_int_dec &rArr; _printf_int_common &rArr; _printf_post_padding
</UL>
<BR>[Calls]<UL><LI><a href="#[84]">&gt;&gt;</a>&nbsp;&nbsp;&nbsp;_printf_int_dec
</UL>

<P><STRONG><a name="[85]"></a>_printf_d</STRONG> (Thumb, 0 bytes, Stack size unknown bytes, _printf_d.o(.ARM.Collect$$_printf_percent$$00000009))
<BR><BR>[Stack]<UL><LI>Max Depth = 72 + Unknown Stack Size
<LI>Call Chain = _printf_d &rArr; _printf_int_dec &rArr; _printf_int_common &rArr; _printf_post_padding
</UL>
<BR>[Calls]<UL><LI><a href="#[84]">&gt;&gt;</a>&nbsp;&nbsp;&nbsp;_printf_int_dec
</UL>

<P><STRONG><a name="[86]"></a>_printf_u</STRONG> (Thumb, 0 bytes, Stack size unknown bytes, _printf_u.o(.ARM.Collect$$_printf_percent$$0000000A))
<BR><BR>[Stack]<UL><LI>Max Depth = 72 + Unknown Stack Size
<LI>Call Chain = _printf_u &rArr; _printf_int_dec &rArr; _printf_int_common &rArr; _printf_post_padding
</UL>
<BR>[Calls]<UL><LI><a href="#[84]">&gt;&gt;</a>&nbsp;&nbsp;&nbsp;_printf_int_dec
</UL>

<P><STRONG><a name="[87]"></a>_printf_o</STRONG> (Thumb, 0 bytes, Stack size unknown bytes, _printf_o.o(.ARM.Collect$$_printf_percent$$0000000B))
<BR><BR>[Stack]<UL><LI>Max Depth = 64 + Unknown Stack Size
<LI>Call Chain = _printf_o &rArr; _printf_int_oct &rArr; _printf_longlong_oct &rArr; _printf_int_common &rArr; _printf_post_padding
</UL>
<BR>[Calls]<UL><LI><a href="#[88]">&gt;&gt;</a>&nbsp;&nbsp;&nbsp;_printf_int_oct
</UL>

<P><STRONG><a name="[89]"></a>_printf_x</STRONG> (Thumb, 0 bytes, Stack size unknown bytes, _printf_x.o(.ARM.Collect$$_printf_percent$$0000000C))
<BR><BR>[Stack]<UL><LI>Max Depth = 80 + Unknown Stack Size
<LI>Call Chain = _printf_x &rArr; _printf_int_hex &rArr; _printf_longlong_hex &rArr; _printf_int_common &rArr; _printf_post_padding
</UL>
<BR>[Calls]<UL><LI><a href="#[8a]">&gt;&gt;</a>&nbsp;&nbsp;&nbsp;_printf_int_hex
</UL>

<P><STRONG><a name="[8b]"></a>_printf_lli</STRONG> (Thumb, 0 bytes, Stack size unknown bytes, _printf_lli.o(.ARM.Collect$$_printf_percent$$0000000D))
<BR><BR>[Stack]<UL><LI>Max Depth = 72 + Unknown Stack Size
<LI>Call Chain = _printf_lli &rArr; _printf_longlong_dec &rArr; _printf_int_common &rArr; _printf_post_padding
</UL>
<BR>[Calls]<UL><LI><a href="#[8c]">&gt;&gt;</a>&nbsp;&nbsp;&nbsp;_printf_longlong_dec
</UL>

<P><STRONG><a name="[8d]"></a>_printf_lld</STRONG> (Thumb, 0 bytes, Stack size unknown bytes, _printf_lld.o(.ARM.Collect$$_printf_percent$$0000000E))
<BR><BR>[Stack]<UL><LI>Max Depth = 72 + Unknown Stack Size
<LI>Call Chain = _printf_lld &rArr; _printf_longlong_dec &rArr; _printf_int_common &rArr; _printf_post_padding
</UL>
<BR>[Calls]<UL><LI><a href="#[8c]">&gt;&gt;</a>&nbsp;&nbsp;&nbsp;_printf_longlong_dec
</UL>

<P><STRONG><a name="[8e]"></a>_printf_llu</STRONG> (Thumb, 0 bytes, Stack size unknown bytes, _printf_llu.o(.ARM.Collect$$_printf_percent$$0000000F))
<BR><BR>[Stack]<UL><LI>Max Depth = 72 + Unknown Stack Size
<LI>Call Chain = _printf_llu &rArr; _printf_longlong_dec &rArr; _printf_int_common &rArr; _printf_post_padding
</UL>
<BR>[Calls]<UL><LI><a href="#[8c]">&gt;&gt;</a>&nbsp;&nbsp;&nbsp;_printf_longlong_dec
</UL>

<P><STRONG><a name="[8f]"></a>_printf_llo</STRONG> (Thumb, 0 bytes, Stack size unknown bytes, _printf_llo.o(.ARM.Collect$$_printf_percent$$00000010))
<BR><BR>[Stack]<UL><LI>Max Depth = 56 + Unknown Stack Size
<LI>Call Chain = _printf_llo &rArr; _printf_ll_oct &rArr; _printf_longlong_oct &rArr; _printf_int_common &rArr; _printf_post_padding
</UL>
<BR>[Calls]<UL><LI><a href="#[90]">&gt;&gt;</a>&nbsp;&nbsp;&nbsp;_printf_ll_oct
</UL>

<P><STRONG><a name="[91]"></a>_printf_llx</STRONG> (Thumb, 0 bytes, Stack size unknown bytes, _printf_llx.o(.ARM.Collect$$_printf_percent$$00000011))
<BR><BR>[Stack]<UL><LI>Max Depth = 64 + Unknown Stack Size
<LI>Call Chain = _printf_llx &rArr; _printf_ll_hex &rArr; _printf_longlong_hex &rArr; _printf_int_common &rArr; _printf_post_padding
</UL>
<BR>[Calls]<UL><LI><a href="#[92]">&gt;&gt;</a>&nbsp;&nbsp;&nbsp;_printf_ll_hex
</UL>

<P><STRONG><a name="[2e2]"></a>_printf_l</STRONG> (Thumb, 0 bytes, Stack size unknown bytes, _printf_l.o(.ARM.Collect$$_printf_percent$$00000012))

<P><STRONG><a name="[93]"></a>_printf_c</STRONG> (Thumb, 0 bytes, Stack size unknown bytes, _printf_c.o(.ARM.Collect$$_printf_percent$$00000013))
<BR><BR>[Stack]<UL><LI>Max Depth = 40 + Unknown Stack Size
<LI>Call Chain = _printf_c &rArr; _printf_char &rArr; _printf_cs_common &rArr; _printf_str &rArr; _printf_post_padding
</UL>
<BR>[Calls]<UL><LI><a href="#[94]">&gt;&gt;</a>&nbsp;&nbsp;&nbsp;_printf_char
</UL>

<P><STRONG><a name="[95]"></a>_printf_s</STRONG> (Thumb, 0 bytes, Stack size unknown bytes, _printf_s.o(.ARM.Collect$$_printf_percent$$00000014))
<BR><BR>[Stack]<UL><LI>Max Depth = 40 + Unknown Stack Size
<LI>Call Chain = _printf_s &rArr; _printf_string &rArr; _printf_cs_common &rArr; _printf_str &rArr; _printf_post_padding
</UL>
<BR>[Calls]<UL><LI><a href="#[96]">&gt;&gt;</a>&nbsp;&nbsp;&nbsp;_printf_string
</UL>

<P><STRONG><a name="[97]"></a>_printf_lc</STRONG> (Thumb, 0 bytes, Stack size unknown bytes, _printf_lc.o(.ARM.Collect$$_printf_percent$$00000015))
<BR><BR>[Stack]<UL><LI>Max Depth = 88 + Unknown Stack Size
<LI>Call Chain = _printf_lc &rArr; _printf_wchar &rArr; _printf_lcs_common &rArr; _printf_wctomb &rArr; _wcrtomb &rArr; __rt_ctype_table
</UL>
<BR>[Calls]<UL><LI><a href="#[98]">&gt;&gt;</a>&nbsp;&nbsp;&nbsp;_printf_wchar
</UL>

<P><STRONG><a name="[99]"></a>_printf_ls</STRONG> (Thumb, 0 bytes, Stack size unknown bytes, _printf_ls.o(.ARM.Collect$$_printf_percent$$00000016))
<BR><BR>[Stack]<UL><LI>Max Depth = 88 + Unknown Stack Size
<LI>Call Chain = _printf_ls &rArr; _printf_wstring &rArr; _printf_lcs_common &rArr; _printf_wctomb &rArr; _wcrtomb &rArr; __rt_ctype_table
</UL>
<BR>[Calls]<UL><LI><a href="#[9a]">&gt;&gt;</a>&nbsp;&nbsp;&nbsp;_printf_wstring
</UL>

<P><STRONG><a name="[2e3]"></a>_printf_percent_end</STRONG> (Thumb, 0 bytes, Stack size unknown bytes, _printf_percent_end.o(.ARM.Collect$$_printf_percent$$00000017))

<P><STRONG><a name="[a5]"></a>__rt_lib_init</STRONG> (Thumb, 0 bytes, Stack size unknown bytes, libinit.o(.ARM.Collect$$libinit$$00000000))
<BR><BR>[Called By]<UL><LI><a href="#[a4]">&gt;&gt;</a>&nbsp;&nbsp;&nbsp;__rt_entry_li
</UL>

<P><STRONG><a name="[9b]"></a>__rt_lib_init_fp_1</STRONG> (Thumb, 0 bytes, Stack size unknown bytes, libinit2.o(.ARM.Collect$$libinit$$00000001))
<BR><BR>[Calls]<UL><LI><a href="#[9c]">&gt;&gt;</a>&nbsp;&nbsp;&nbsp;_fp_init
</UL>

<P><STRONG><a name="[2e4]"></a>__rt_lib_init_heap_1</STRONG> (Thumb, 0 bytes, Stack size unknown bytes, libinit2.o(.ARM.Collect$$libinit$$0000000A))

<P><STRONG><a name="[9d]"></a>__rt_lib_init_lc_common</STRONG> (Thumb, 0 bytes, Stack size unknown bytes, libinit2.o(.ARM.Collect$$libinit$$0000000F))
<BR><BR>[Calls]<UL><LI><a href="#[9e]">&gt;&gt;</a>&nbsp;&nbsp;&nbsp;__rt_locale
</UL>

<P><STRONG><a name="[2e5]"></a>__rt_lib_init_preinit_1</STRONG> (Thumb, 0 bytes, Stack size unknown bytes, libinit2.o(.ARM.Collect$$libinit$$00000004))

<P><STRONG><a name="[2e6]"></a>__rt_lib_init_rand_1</STRONG> (Thumb, 0 bytes, Stack size unknown bytes, libinit2.o(.ARM.Collect$$libinit$$0000000E))

<P><STRONG><a name="[2e7]"></a>__rt_lib_init_user_alloc_1</STRONG> (Thumb, 0 bytes, Stack size unknown bytes, libinit2.o(.ARM.Collect$$libinit$$0000000C))

<P><STRONG><a name="[2e8]"></a>__rt_lib_init_lc_collate_1</STRONG> (Thumb, 0 bytes, Stack size unknown bytes, libinit2.o(.ARM.Collect$$libinit$$00000011))

<P><STRONG><a name="[9f]"></a>__rt_lib_init_lc_ctype_2</STRONG> (Thumb, 0 bytes, Stack size unknown bytes, libinit2.o(.ARM.Collect$$libinit$$00000012))
<BR><BR>[Stack]<UL><LI>Max Depth = 8 + Unknown Stack Size
<LI>Call Chain = __rt_lib_init_lc_ctype_2 &rArr; _get_lc_ctype
</UL>
<BR>[Calls]<UL><LI><a href="#[6e]">&gt;&gt;</a>&nbsp;&nbsp;&nbsp;_get_lc_ctype
</UL>

<P><STRONG><a name="[2e9]"></a>__rt_lib_init_lc_ctype_1</STRONG> (Thumb, 0 bytes, Stack size unknown bytes, libinit2.o(.ARM.Collect$$libinit$$00000013))

<P><STRONG><a name="[2ea]"></a>__rt_lib_init_lc_monetary_1</STRONG> (Thumb, 0 bytes, Stack size unknown bytes, libinit2.o(.ARM.Collect$$libinit$$00000015))

<P><STRONG><a name="[a0]"></a>__rt_lib_init_lc_numeric_2</STRONG> (Thumb, 0 bytes, Stack size unknown bytes, libinit2.o(.ARM.Collect$$libinit$$00000016))
<BR><BR>[Stack]<UL><LI>Max Depth = 8 + Unknown Stack Size
<LI>Call Chain = __rt_lib_init_lc_numeric_2 &rArr; _get_lc_numeric
</UL>
<BR>[Calls]<UL><LI><a href="#[a1]">&gt;&gt;</a>&nbsp;&nbsp;&nbsp;_get_lc_numeric
</UL>

<P><STRONG><a name="[2eb]"></a>__rt_lib_init_alloca_1</STRONG> (Thumb, 0 bytes, Stack size unknown bytes, libinit2.o(.ARM.Collect$$libinit$$0000002E))

<P><STRONG><a name="[2ec]"></a>__rt_lib_init_argv_1</STRONG> (Thumb, 0 bytes, Stack size unknown bytes, libinit2.o(.ARM.Collect$$libinit$$0000002C))

<P><STRONG><a name="[2ed]"></a>__rt_lib_init_atexit_1</STRONG> (Thumb, 0 bytes, Stack size unknown bytes, libinit2.o(.ARM.Collect$$libinit$$0000001B))

<P><STRONG><a name="[2ee]"></a>__rt_lib_init_clock_1</STRONG> (Thumb, 0 bytes, Stack size unknown bytes, libinit2.o(.ARM.Collect$$libinit$$00000021))

<P><STRONG><a name="[2ef]"></a>__rt_lib_init_cpp_1</STRONG> (Thumb, 0 bytes, Stack size unknown bytes, libinit2.o(.ARM.Collect$$libinit$$00000032))

<P><STRONG><a name="[2f0]"></a>__rt_lib_init_exceptions_1</STRONG> (Thumb, 0 bytes, Stack size unknown bytes, libinit2.o(.ARM.Collect$$libinit$$00000030))

<P><STRONG><a name="[2f1]"></a>__rt_lib_init_fp_trap_1</STRONG> (Thumb, 0 bytes, Stack size unknown bytes, libinit2.o(.ARM.Collect$$libinit$$0000001F))

<P><STRONG><a name="[2f2]"></a>__rt_lib_init_getenv_1</STRONG> (Thumb, 0 bytes, Stack size unknown bytes, libinit2.o(.ARM.Collect$$libinit$$00000023))

<P><STRONG><a name="[2f3]"></a>__rt_lib_init_lc_numeric_1</STRONG> (Thumb, 0 bytes, Stack size unknown bytes, libinit2.o(.ARM.Collect$$libinit$$00000017))

<P><STRONG><a name="[2f4]"></a>__rt_lib_init_lc_time_1</STRONG> (Thumb, 0 bytes, Stack size unknown bytes, libinit2.o(.ARM.Collect$$libinit$$00000019))

<P><STRONG><a name="[2f5]"></a>__rt_lib_init_return</STRONG> (Thumb, 0 bytes, Stack size unknown bytes, libinit2.o(.ARM.Collect$$libinit$$00000033))

<P><STRONG><a name="[2f6]"></a>__rt_lib_init_signal_1</STRONG> (Thumb, 0 bytes, Stack size unknown bytes, libinit2.o(.ARM.Collect$$libinit$$0000001D))

<P><STRONG><a name="[2f7]"></a>__rt_lib_init_stdio_1</STRONG> (Thumb, 0 bytes, Stack size unknown bytes, libinit2.o(.ARM.Collect$$libinit$$00000025))

<P><STRONG><a name="[aa]"></a>__rt_lib_shutdown</STRONG> (Thumb, 0 bytes, Stack size unknown bytes, libshutdown.o(.ARM.Collect$$libshutdown$$00000000))
<BR><BR>[Called By]<UL><LI><a href="#[a9]">&gt;&gt;</a>&nbsp;&nbsp;&nbsp;__rt_exit_ls
</UL>

<P><STRONG><a name="[2f8]"></a>__rt_lib_shutdown_cpp_1</STRONG> (Thumb, 0 bytes, Stack size unknown bytes, libshutdown2.o(.ARM.Collect$$libshutdown$$00000002))

<P><STRONG><a name="[2f9]"></a>__rt_lib_shutdown_fp_trap_1</STRONG> (Thumb, 0 bytes, Stack size unknown bytes, libshutdown2.o(.ARM.Collect$$libshutdown$$00000007))

<P><STRONG><a name="[2fa]"></a>__rt_lib_shutdown_heap_1</STRONG> (Thumb, 0 bytes, Stack size unknown bytes, libshutdown2.o(.ARM.Collect$$libshutdown$$0000000F))

<P><STRONG><a name="[2fb]"></a>__rt_lib_shutdown_return</STRONG> (Thumb, 0 bytes, Stack size unknown bytes, libshutdown2.o(.ARM.Collect$$libshutdown$$00000010))

<P><STRONG><a name="[2fc]"></a>__rt_lib_shutdown_signal_1</STRONG> (Thumb, 0 bytes, Stack size unknown bytes, libshutdown2.o(.ARM.Collect$$libshutdown$$0000000A))

<P><STRONG><a name="[2fd]"></a>__rt_lib_shutdown_stdio_1</STRONG> (Thumb, 0 bytes, Stack size unknown bytes, libshutdown2.o(.ARM.Collect$$libshutdown$$00000004))

<P><STRONG><a name="[2fe]"></a>__rt_lib_shutdown_user_alloc_1</STRONG> (Thumb, 0 bytes, Stack size unknown bytes, libshutdown2.o(.ARM.Collect$$libshutdown$$0000000C))

<P><STRONG><a name="[77]"></a>__rt_entry</STRONG> (Thumb, 0 bytes, Stack size unknown bytes, __rtentry.o(.ARM.Collect$$rtentry$$00000000))
<BR><BR>[Called By]<UL><LI><a href="#[75]">&gt;&gt;</a>&nbsp;&nbsp;&nbsp;__main
<LI><a href="#[78]">&gt;&gt;</a>&nbsp;&nbsp;&nbsp;__scatterload_rt2
</UL>

<P><STRONG><a name="[2ff]"></a>__rt_entry_presh_1</STRONG> (Thumb, 0 bytes, Stack size unknown bytes, __rtentry2.o(.ARM.Collect$$rtentry$$00000002))

<P><STRONG><a name="[a2]"></a>__rt_entry_sh</STRONG> (Thumb, 0 bytes, Stack size unknown bytes, __rtentry4.o(.ARM.Collect$$rtentry$$00000004))
<BR><BR>[Stack]<UL><LI>Max Depth = 8 + Unknown Stack Size
<LI>Call Chain = __rt_entry_sh &rArr; __user_setup_stackheap
</UL>
<BR>[Calls]<UL><LI><a href="#[a3]">&gt;&gt;</a>&nbsp;&nbsp;&nbsp;__user_setup_stackheap
</UL>

<P><STRONG><a name="[a4]"></a>__rt_entry_li</STRONG> (Thumb, 0 bytes, Stack size unknown bytes, __rtentry2.o(.ARM.Collect$$rtentry$$0000000A))
<BR><BR>[Calls]<UL><LI><a href="#[a5]">&gt;&gt;</a>&nbsp;&nbsp;&nbsp;__rt_lib_init
</UL>

<P><STRONG><a name="[300]"></a>__rt_entry_postsh_1</STRONG> (Thumb, 0 bytes, Stack size unknown bytes, __rtentry2.o(.ARM.Collect$$rtentry$$00000009))

<P><STRONG><a name="[a6]"></a>__rt_entry_main</STRONG> (Thumb, 0 bytes, Stack size unknown bytes, __rtentry2.o(.ARM.Collect$$rtentry$$0000000D))
<BR><BR>[Stack]<UL><LI>Max Depth = 1008 + Unknown Stack Size
<LI>Call Chain = __rt_entry_main &rArr; main &rArr; System_Init &rArr; mpu_dmp_init &rArr; run_self_test &rArr; mpu_run_6500_self_test &rArr; get_st_6500_biases &rArr; __2printf &rArr; _printf_char_file &rArr; _printf_char_common &rArr; __printf
</UL>
<BR>[Calls]<UL><LI><a href="#[a7]">&gt;&gt;</a>&nbsp;&nbsp;&nbsp;main
<LI><a href="#[a8]">&gt;&gt;</a>&nbsp;&nbsp;&nbsp;exit
</UL>

<P><STRONG><a name="[301]"></a>__rt_entry_postli_1</STRONG> (Thumb, 0 bytes, Stack size unknown bytes, __rtentry2.o(.ARM.Collect$$rtentry$$0000000C))

<P><STRONG><a name="[196]"></a>__rt_exit</STRONG> (Thumb, 0 bytes, Stack size unknown bytes, rtexit.o(.ARM.Collect$$rtexit$$00000000))
<BR><BR>[Called By]<UL><LI><a href="#[a8]">&gt;&gt;</a>&nbsp;&nbsp;&nbsp;exit
</UL>

<P><STRONG><a name="[a9]"></a>__rt_exit_ls</STRONG> (Thumb, 0 bytes, Stack size unknown bytes, rtexit2.o(.ARM.Collect$$rtexit$$00000003))
<BR><BR>[Calls]<UL><LI><a href="#[aa]">&gt;&gt;</a>&nbsp;&nbsp;&nbsp;__rt_lib_shutdown
</UL>

<P><STRONG><a name="[302]"></a>__rt_exit_prels_1</STRONG> (Thumb, 0 bytes, Stack size unknown bytes, rtexit2.o(.ARM.Collect$$rtexit$$00000002))

<P><STRONG><a name="[ab]"></a>__rt_exit_exit</STRONG> (Thumb, 0 bytes, Stack size unknown bytes, rtexit2.o(.ARM.Collect$$rtexit$$00000004))
<BR><BR>[Calls]<UL><LI><a href="#[ac]">&gt;&gt;</a>&nbsp;&nbsp;&nbsp;_sys_exit
</UL>

<P><STRONG><a name="[303]"></a>WFI_SET</STRONG> (Thumb, 2 bytes, Stack size 0 bytes, sys.o(.emb_text), UNUSED)

<P><STRONG><a name="[201]"></a>INTX_DISABLE</STRONG> (Thumb, 4 bytes, Stack size 0 bytes, sys.o(.emb_text))
<BR><BR>[Called By]<UL><LI><a href="#[207]">&gt;&gt;</a>&nbsp;&nbsp;&nbsp;SD_WriteMultiBlocks
<LI><a href="#[205]">&gt;&gt;</a>&nbsp;&nbsp;&nbsp;SD_WriteBlock
<LI><a href="#[204]">&gt;&gt;</a>&nbsp;&nbsp;&nbsp;SD_ReadMultiBlocks
<LI><a href="#[1ff]">&gt;&gt;</a>&nbsp;&nbsp;&nbsp;SD_ReadBlock
</UL>

<P><STRONG><a name="[202]"></a>INTX_ENABLE</STRONG> (Thumb, 4 bytes, Stack size 0 bytes, sys.o(.emb_text))
<BR><BR>[Called By]<UL><LI><a href="#[207]">&gt;&gt;</a>&nbsp;&nbsp;&nbsp;SD_WriteMultiBlocks
<LI><a href="#[205]">&gt;&gt;</a>&nbsp;&nbsp;&nbsp;SD_WriteBlock
<LI><a href="#[204]">&gt;&gt;</a>&nbsp;&nbsp;&nbsp;SD_ReadMultiBlocks
<LI><a href="#[1ff]">&gt;&gt;</a>&nbsp;&nbsp;&nbsp;SD_ReadBlock
</UL>

<P><STRONG><a name="[304]"></a>MSR_MSP</STRONG> (Thumb, 6 bytes, Stack size 0 bytes, sys.o(.emb_text), UNUSED)

<P><STRONG><a name="[9]"></a>Reset_Handler</STRONG> (Thumb, 8 bytes, Stack size 0 bytes, startup_stm32f40_41xxx.o(.text))
<BR>[Address Reference Count : 1]<UL><LI> startup_stm32f40_41xxx.o(RESET)
</UL>
<P><STRONG><a name="[25]"></a>ADC_IRQHandler</STRONG> (Thumb, 0 bytes, Stack size 0 bytes, startup_stm32f40_41xxx.o(.text))
<BR><BR>[Calls]<UL><LI><a href="#[25]">&gt;&gt;</a>&nbsp;&nbsp;&nbsp;ADC_IRQHandler
</UL>
<BR>[Called By]<UL><LI><a href="#[25]">&gt;&gt;</a>&nbsp;&nbsp;&nbsp;ADC_IRQHandler
</UL>
<BR>[Address Reference Count : 1]<UL><LI> startup_stm32f40_41xxx.o(RESET)
</UL>
<P><STRONG><a name="[27]"></a>CAN1_RX0_IRQHandler</STRONG> (Thumb, 0 bytes, Stack size 0 bytes, startup_stm32f40_41xxx.o(.text))
<BR>[Address Reference Count : 1]<UL><LI> startup_stm32f40_41xxx.o(RESET)
</UL>
<P><STRONG><a name="[28]"></a>CAN1_RX1_IRQHandler</STRONG> (Thumb, 0 bytes, Stack size 0 bytes, startup_stm32f40_41xxx.o(.text))
<BR>[Address Reference Count : 1]<UL><LI> startup_stm32f40_41xxx.o(RESET)
</UL>
<P><STRONG><a name="[29]"></a>CAN1_SCE_IRQHandler</STRONG> (Thumb, 0 bytes, Stack size 0 bytes, startup_stm32f40_41xxx.o(.text))
<BR>[Address Reference Count : 1]<UL><LI> startup_stm32f40_41xxx.o(RESET)
</UL>
<P><STRONG><a name="[26]"></a>CAN1_TX_IRQHandler</STRONG> (Thumb, 0 bytes, Stack size 0 bytes, startup_stm32f40_41xxx.o(.text))
<BR>[Address Reference Count : 1]<UL><LI> startup_stm32f40_41xxx.o(RESET)
</UL>
<P><STRONG><a name="[53]"></a>CAN2_RX0_IRQHandler</STRONG> (Thumb, 0 bytes, Stack size 0 bytes, startup_stm32f40_41xxx.o(.text))
<BR>[Address Reference Count : 1]<UL><LI> startup_stm32f40_41xxx.o(RESET)
</UL>
<P><STRONG><a name="[54]"></a>CAN2_RX1_IRQHandler</STRONG> (Thumb, 0 bytes, Stack size 0 bytes, startup_stm32f40_41xxx.o(.text))
<BR>[Address Reference Count : 1]<UL><LI> startup_stm32f40_41xxx.o(RESET)
</UL>
<P><STRONG><a name="[55]"></a>CAN2_SCE_IRQHandler</STRONG> (Thumb, 0 bytes, Stack size 0 bytes, startup_stm32f40_41xxx.o(.text))
<BR>[Address Reference Count : 1]<UL><LI> startup_stm32f40_41xxx.o(RESET)
</UL>
<P><STRONG><a name="[52]"></a>CAN2_TX_IRQHandler</STRONG> (Thumb, 0 bytes, Stack size 0 bytes, startup_stm32f40_41xxx.o(.text))
<BR>[Address Reference Count : 1]<UL><LI> startup_stm32f40_41xxx.o(RESET)
</UL>
<P><STRONG><a name="[62]"></a>CRYP_IRQHandler</STRONG> (Thumb, 0 bytes, Stack size 0 bytes, startup_stm32f40_41xxx.o(.text))
<BR>[Address Reference Count : 1]<UL><LI> startup_stm32f40_41xxx.o(RESET)
</UL>
<P><STRONG><a name="[61]"></a>DCMI_IRQHandler</STRONG> (Thumb, 0 bytes, Stack size 0 bytes, startup_stm32f40_41xxx.o(.text))
<BR>[Address Reference Count : 1]<UL><LI> startup_stm32f40_41xxx.o(RESET)
</UL>
<P><STRONG><a name="[1e]"></a>DMA1_Stream0_IRQHandler</STRONG> (Thumb, 0 bytes, Stack size 0 bytes, startup_stm32f40_41xxx.o(.text))
<BR>[Address Reference Count : 1]<UL><LI> startup_stm32f40_41xxx.o(RESET)
</UL>
<P><STRONG><a name="[1f]"></a>DMA1_Stream1_IRQHandler</STRONG> (Thumb, 0 bytes, Stack size 0 bytes, startup_stm32f40_41xxx.o(.text))
<BR>[Address Reference Count : 1]<UL><LI> startup_stm32f40_41xxx.o(RESET)
</UL>
<P><STRONG><a name="[20]"></a>DMA1_Stream2_IRQHandler</STRONG> (Thumb, 0 bytes, Stack size 0 bytes, startup_stm32f40_41xxx.o(.text))
<BR>[Address Reference Count : 1]<UL><LI> startup_stm32f40_41xxx.o(RESET)
</UL>
<P><STRONG><a name="[21]"></a>DMA1_Stream3_IRQHandler</STRONG> (Thumb, 0 bytes, Stack size 0 bytes, startup_stm32f40_41xxx.o(.text))
<BR>[Address Reference Count : 1]<UL><LI> startup_stm32f40_41xxx.o(RESET)
</UL>
<P><STRONG><a name="[22]"></a>DMA1_Stream4_IRQHandler</STRONG> (Thumb, 0 bytes, Stack size 0 bytes, startup_stm32f40_41xxx.o(.text))
<BR>[Address Reference Count : 1]<UL><LI> startup_stm32f40_41xxx.o(RESET)
</UL>
<P><STRONG><a name="[23]"></a>DMA1_Stream5_IRQHandler</STRONG> (Thumb, 0 bytes, Stack size 0 bytes, startup_stm32f40_41xxx.o(.text))
<BR>[Address Reference Count : 1]<UL><LI> startup_stm32f40_41xxx.o(RESET)
</UL>
<P><STRONG><a name="[24]"></a>DMA1_Stream6_IRQHandler</STRONG> (Thumb, 0 bytes, Stack size 0 bytes, startup_stm32f40_41xxx.o(.text))
<BR>[Address Reference Count : 1]<UL><LI> startup_stm32f40_41xxx.o(RESET)
</UL>
<P><STRONG><a name="[42]"></a>DMA1_Stream7_IRQHandler</STRONG> (Thumb, 0 bytes, Stack size 0 bytes, startup_stm32f40_41xxx.o(.text))
<BR>[Address Reference Count : 1]<UL><LI> startup_stm32f40_41xxx.o(RESET)
</UL>
<P><STRONG><a name="[4b]"></a>DMA2_Stream0_IRQHandler</STRONG> (Thumb, 0 bytes, Stack size 0 bytes, startup_stm32f40_41xxx.o(.text))
<BR>[Address Reference Count : 1]<UL><LI> startup_stm32f40_41xxx.o(RESET)
</UL>
<P><STRONG><a name="[4c]"></a>DMA2_Stream1_IRQHandler</STRONG> (Thumb, 0 bytes, Stack size 0 bytes, startup_stm32f40_41xxx.o(.text))
<BR>[Address Reference Count : 1]<UL><LI> startup_stm32f40_41xxx.o(RESET)
</UL>
<P><STRONG><a name="[4d]"></a>DMA2_Stream2_IRQHandler</STRONG> (Thumb, 0 bytes, Stack size 0 bytes, startup_stm32f40_41xxx.o(.text))
<BR>[Address Reference Count : 1]<UL><LI> startup_stm32f40_41xxx.o(RESET)
</UL>
<P><STRONG><a name="[4e]"></a>DMA2_Stream3_IRQHandler</STRONG> (Thumb, 0 bytes, Stack size 0 bytes, startup_stm32f40_41xxx.o(.text))
<BR>[Address Reference Count : 1]<UL><LI> startup_stm32f40_41xxx.o(RESET)
</UL>
<P><STRONG><a name="[4f]"></a>DMA2_Stream4_IRQHandler</STRONG> (Thumb, 0 bytes, Stack size 0 bytes, startup_stm32f40_41xxx.o(.text))
<BR>[Address Reference Count : 1]<UL><LI> startup_stm32f40_41xxx.o(RESET)
</UL>
<P><STRONG><a name="[57]"></a>DMA2_Stream5_IRQHandler</STRONG> (Thumb, 0 bytes, Stack size 0 bytes, startup_stm32f40_41xxx.o(.text))
<BR>[Address Reference Count : 1]<UL><LI> startup_stm32f40_41xxx.o(RESET)
</UL>
<P><STRONG><a name="[58]"></a>DMA2_Stream6_IRQHandler</STRONG> (Thumb, 0 bytes, Stack size 0 bytes, startup_stm32f40_41xxx.o(.text))
<BR>[Address Reference Count : 1]<UL><LI> startup_stm32f40_41xxx.o(RESET)
</UL>
<P><STRONG><a name="[59]"></a>DMA2_Stream7_IRQHandler</STRONG> (Thumb, 0 bytes, Stack size 0 bytes, startup_stm32f40_41xxx.o(.text))
<BR>[Address Reference Count : 1]<UL><LI> startup_stm32f40_41xxx.o(RESET)
</UL>
<P><STRONG><a name="[50]"></a>ETH_IRQHandler</STRONG> (Thumb, 0 bytes, Stack size 0 bytes, startup_stm32f40_41xxx.o(.text))
<BR>[Address Reference Count : 1]<UL><LI> startup_stm32f40_41xxx.o(RESET)
</UL>
<P><STRONG><a name="[51]"></a>ETH_WKUP_IRQHandler</STRONG> (Thumb, 0 bytes, Stack size 0 bytes, startup_stm32f40_41xxx.o(.text))
<BR>[Address Reference Count : 1]<UL><LI> startup_stm32f40_41xxx.o(RESET)
</UL>
<P><STRONG><a name="[19]"></a>EXTI0_IRQHandler</STRONG> (Thumb, 0 bytes, Stack size 0 bytes, startup_stm32f40_41xxx.o(.text))
<BR>[Address Reference Count : 1]<UL><LI> startup_stm32f40_41xxx.o(RESET)
</UL>
<P><STRONG><a name="[3b]"></a>EXTI15_10_IRQHandler</STRONG> (Thumb, 0 bytes, Stack size 0 bytes, startup_stm32f40_41xxx.o(.text))
<BR>[Address Reference Count : 1]<UL><LI> startup_stm32f40_41xxx.o(RESET)
</UL>
<P><STRONG><a name="[1a]"></a>EXTI1_IRQHandler</STRONG> (Thumb, 0 bytes, Stack size 0 bytes, startup_stm32f40_41xxx.o(.text))
<BR>[Address Reference Count : 1]<UL><LI> startup_stm32f40_41xxx.o(RESET)
</UL>
<P><STRONG><a name="[1b]"></a>EXTI2_IRQHandler</STRONG> (Thumb, 0 bytes, Stack size 0 bytes, startup_stm32f40_41xxx.o(.text))
<BR>[Address Reference Count : 1]<UL><LI> startup_stm32f40_41xxx.o(RESET)
</UL>
<P><STRONG><a name="[1c]"></a>EXTI3_IRQHandler</STRONG> (Thumb, 0 bytes, Stack size 0 bytes, startup_stm32f40_41xxx.o(.text))
<BR>[Address Reference Count : 1]<UL><LI> startup_stm32f40_41xxx.o(RESET)
</UL>
<P><STRONG><a name="[1d]"></a>EXTI4_IRQHandler</STRONG> (Thumb, 0 bytes, Stack size 0 bytes, startup_stm32f40_41xxx.o(.text))
<BR>[Address Reference Count : 1]<UL><LI> startup_stm32f40_41xxx.o(RESET)
</UL>
<P><STRONG><a name="[2a]"></a>EXTI9_5_IRQHandler</STRONG> (Thumb, 0 bytes, Stack size 0 bytes, startup_stm32f40_41xxx.o(.text))
<BR>[Address Reference Count : 1]<UL><LI> startup_stm32f40_41xxx.o(RESET)
</UL>
<P><STRONG><a name="[17]"></a>FLASH_IRQHandler</STRONG> (Thumb, 0 bytes, Stack size 0 bytes, startup_stm32f40_41xxx.o(.text))
<BR>[Address Reference Count : 1]<UL><LI> startup_stm32f40_41xxx.o(RESET)
</UL>
<P><STRONG><a name="[64]"></a>FPU_IRQHandler</STRONG> (Thumb, 0 bytes, Stack size 0 bytes, startup_stm32f40_41xxx.o(.text))
<BR>[Address Reference Count : 1]<UL><LI> startup_stm32f40_41xxx.o(RESET)
</UL>
<P><STRONG><a name="[43]"></a>FSMC_IRQHandler</STRONG> (Thumb, 0 bytes, Stack size 0 bytes, startup_stm32f40_41xxx.o(.text))
<BR>[Address Reference Count : 1]<UL><LI> startup_stm32f40_41xxx.o(RESET)
</UL>
<P><STRONG><a name="[63]"></a>HASH_RNG_IRQHandler</STRONG> (Thumb, 0 bytes, Stack size 0 bytes, startup_stm32f40_41xxx.o(.text))
<BR>[Address Reference Count : 1]<UL><LI> startup_stm32f40_41xxx.o(RESET)
</UL>
<P><STRONG><a name="[33]"></a>I2C1_ER_IRQHandler</STRONG> (Thumb, 0 bytes, Stack size 0 bytes, startup_stm32f40_41xxx.o(.text))
<BR>[Address Reference Count : 1]<UL><LI> startup_stm32f40_41xxx.o(RESET)
</UL>
<P><STRONG><a name="[32]"></a>I2C1_EV_IRQHandler</STRONG> (Thumb, 0 bytes, Stack size 0 bytes, startup_stm32f40_41xxx.o(.text))
<BR>[Address Reference Count : 1]<UL><LI> startup_stm32f40_41xxx.o(RESET)
</UL>
<P><STRONG><a name="[35]"></a>I2C2_ER_IRQHandler</STRONG> (Thumb, 0 bytes, Stack size 0 bytes, startup_stm32f40_41xxx.o(.text))
<BR>[Address Reference Count : 1]<UL><LI> startup_stm32f40_41xxx.o(RESET)
</UL>
<P><STRONG><a name="[34]"></a>I2C2_EV_IRQHandler</STRONG> (Thumb, 0 bytes, Stack size 0 bytes, startup_stm32f40_41xxx.o(.text))
<BR>[Address Reference Count : 1]<UL><LI> startup_stm32f40_41xxx.o(RESET)
</UL>
<P><STRONG><a name="[5c]"></a>I2C3_ER_IRQHandler</STRONG> (Thumb, 0 bytes, Stack size 0 bytes, startup_stm32f40_41xxx.o(.text))
<BR>[Address Reference Count : 1]<UL><LI> startup_stm32f40_41xxx.o(RESET)
</UL>
<P><STRONG><a name="[5b]"></a>I2C3_EV_IRQHandler</STRONG> (Thumb, 0 bytes, Stack size 0 bytes, startup_stm32f40_41xxx.o(.text))
<BR>[Address Reference Count : 1]<UL><LI> startup_stm32f40_41xxx.o(RESET)
</UL>
<P><STRONG><a name="[56]"></a>OTG_FS_IRQHandler</STRONG> (Thumb, 0 bytes, Stack size 0 bytes, startup_stm32f40_41xxx.o(.text))
<BR>[Address Reference Count : 1]<UL><LI> startup_stm32f40_41xxx.o(RESET)
</UL>
<P><STRONG><a name="[3d]"></a>OTG_FS_WKUP_IRQHandler</STRONG> (Thumb, 0 bytes, Stack size 0 bytes, startup_stm32f40_41xxx.o(.text))
<BR>[Address Reference Count : 1]<UL><LI> startup_stm32f40_41xxx.o(RESET)
</UL>
<P><STRONG><a name="[5e]"></a>OTG_HS_EP1_IN_IRQHandler</STRONG> (Thumb, 0 bytes, Stack size 0 bytes, startup_stm32f40_41xxx.o(.text))
<BR>[Address Reference Count : 1]<UL><LI> startup_stm32f40_41xxx.o(RESET)
</UL>
<P><STRONG><a name="[5d]"></a>OTG_HS_EP1_OUT_IRQHandler</STRONG> (Thumb, 0 bytes, Stack size 0 bytes, startup_stm32f40_41xxx.o(.text))
<BR>[Address Reference Count : 1]<UL><LI> startup_stm32f40_41xxx.o(RESET)
</UL>
<P><STRONG><a name="[60]"></a>OTG_HS_IRQHandler</STRONG> (Thumb, 0 bytes, Stack size 0 bytes, startup_stm32f40_41xxx.o(.text))
<BR>[Address Reference Count : 1]<UL><LI> startup_stm32f40_41xxx.o(RESET)
</UL>
<P><STRONG><a name="[5f]"></a>OTG_HS_WKUP_IRQHandler</STRONG> (Thumb, 0 bytes, Stack size 0 bytes, startup_stm32f40_41xxx.o(.text))
<BR>[Address Reference Count : 1]<UL><LI> startup_stm32f40_41xxx.o(RESET)
</UL>
<P><STRONG><a name="[14]"></a>PVD_IRQHandler</STRONG> (Thumb, 0 bytes, Stack size 0 bytes, startup_stm32f40_41xxx.o(.text))
<BR>[Address Reference Count : 1]<UL><LI> startup_stm32f40_41xxx.o(RESET)
</UL>
<P><STRONG><a name="[18]"></a>RCC_IRQHandler</STRONG> (Thumb, 0 bytes, Stack size 0 bytes, startup_stm32f40_41xxx.o(.text))
<BR>[Address Reference Count : 1]<UL><LI> startup_stm32f40_41xxx.o(RESET)
</UL>
<P><STRONG><a name="[36]"></a>SPI1_IRQHandler</STRONG> (Thumb, 0 bytes, Stack size 0 bytes, startup_stm32f40_41xxx.o(.text))
<BR>[Address Reference Count : 1]<UL><LI> startup_stm32f40_41xxx.o(RESET)
</UL>
<P><STRONG><a name="[37]"></a>SPI2_IRQHandler</STRONG> (Thumb, 0 bytes, Stack size 0 bytes, startup_stm32f40_41xxx.o(.text))
<BR>[Address Reference Count : 1]<UL><LI> startup_stm32f40_41xxx.o(RESET)
</UL>
<P><STRONG><a name="[46]"></a>SPI3_IRQHandler</STRONG> (Thumb, 0 bytes, Stack size 0 bytes, startup_stm32f40_41xxx.o(.text))
<BR>[Address Reference Count : 1]<UL><LI> startup_stm32f40_41xxx.o(RESET)
</UL>
<P><STRONG><a name="[15]"></a>TAMP_STAMP_IRQHandler</STRONG> (Thumb, 0 bytes, Stack size 0 bytes, startup_stm32f40_41xxx.o(.text))
<BR>[Address Reference Count : 1]<UL><LI> startup_stm32f40_41xxx.o(RESET)
</UL>
<P><STRONG><a name="[2b]"></a>TIM1_BRK_TIM9_IRQHandler</STRONG> (Thumb, 0 bytes, Stack size 0 bytes, startup_stm32f40_41xxx.o(.text))
<BR>[Address Reference Count : 1]<UL><LI> startup_stm32f40_41xxx.o(RESET)
</UL>
<P><STRONG><a name="[2e]"></a>TIM1_CC_IRQHandler</STRONG> (Thumb, 0 bytes, Stack size 0 bytes, startup_stm32f40_41xxx.o(.text))
<BR>[Address Reference Count : 1]<UL><LI> startup_stm32f40_41xxx.o(RESET)
</UL>
<P><STRONG><a name="[2d]"></a>TIM1_TRG_COM_TIM11_IRQHandler</STRONG> (Thumb, 0 bytes, Stack size 0 bytes, startup_stm32f40_41xxx.o(.text))
<BR>[Address Reference Count : 1]<UL><LI> startup_stm32f40_41xxx.o(RESET)
</UL>
<P><STRONG><a name="[2c]"></a>TIM1_UP_TIM10_IRQHandler</STRONG> (Thumb, 0 bytes, Stack size 0 bytes, startup_stm32f40_41xxx.o(.text))
<BR>[Address Reference Count : 1]<UL><LI> startup_stm32f40_41xxx.o(RESET)
</UL>
<P><STRONG><a name="[2f]"></a>TIM2_IRQHandler</STRONG> (Thumb, 0 bytes, Stack size 0 bytes, startup_stm32f40_41xxx.o(.text))
<BR>[Address Reference Count : 1]<UL><LI> startup_stm32f40_41xxx.o(RESET)
</UL>
<P><STRONG><a name="[31]"></a>TIM4_IRQHandler</STRONG> (Thumb, 0 bytes, Stack size 0 bytes, startup_stm32f40_41xxx.o(.text))
<BR>[Address Reference Count : 1]<UL><LI> startup_stm32f40_41xxx.o(RESET)
</UL>
<P><STRONG><a name="[45]"></a>TIM5_IRQHandler</STRONG> (Thumb, 0 bytes, Stack size 0 bytes, startup_stm32f40_41xxx.o(.text))
<BR>[Address Reference Count : 1]<UL><LI> startup_stm32f40_41xxx.o(RESET)
</UL>
<P><STRONG><a name="[49]"></a>TIM6_DAC_IRQHandler</STRONG> (Thumb, 0 bytes, Stack size 0 bytes, startup_stm32f40_41xxx.o(.text))
<BR>[Address Reference Count : 1]<UL><LI> startup_stm32f40_41xxx.o(RESET)
</UL>
<P><STRONG><a name="[4a]"></a>TIM7_IRQHandler</STRONG> (Thumb, 0 bytes, Stack size 0 bytes, startup_stm32f40_41xxx.o(.text))
<BR>[Address Reference Count : 1]<UL><LI> startup_stm32f40_41xxx.o(RESET)
</UL>
<P><STRONG><a name="[3e]"></a>TIM8_BRK_TIM12_IRQHandler</STRONG> (Thumb, 0 bytes, Stack size 0 bytes, startup_stm32f40_41xxx.o(.text))
<BR>[Address Reference Count : 1]<UL><LI> startup_stm32f40_41xxx.o(RESET)
</UL>
<P><STRONG><a name="[41]"></a>TIM8_CC_IRQHandler</STRONG> (Thumb, 0 bytes, Stack size 0 bytes, startup_stm32f40_41xxx.o(.text))
<BR>[Address Reference Count : 1]<UL><LI> startup_stm32f40_41xxx.o(RESET)
</UL>
<P><STRONG><a name="[40]"></a>TIM8_TRG_COM_TIM14_IRQHandler</STRONG> (Thumb, 0 bytes, Stack size 0 bytes, startup_stm32f40_41xxx.o(.text))
<BR>[Address Reference Count : 1]<UL><LI> startup_stm32f40_41xxx.o(RESET)
</UL>
<P><STRONG><a name="[3f]"></a>TIM8_UP_TIM13_IRQHandler</STRONG> (Thumb, 0 bytes, Stack size 0 bytes, startup_stm32f40_41xxx.o(.text))
<BR>[Address Reference Count : 1]<UL><LI> startup_stm32f40_41xxx.o(RESET)
</UL>
<P><STRONG><a name="[47]"></a>UART4_IRQHandler</STRONG> (Thumb, 0 bytes, Stack size 0 bytes, startup_stm32f40_41xxx.o(.text))
<BR>[Address Reference Count : 1]<UL><LI> startup_stm32f40_41xxx.o(RESET)
</UL>
<P><STRONG><a name="[48]"></a>UART5_IRQHandler</STRONG> (Thumb, 0 bytes, Stack size 0 bytes, startup_stm32f40_41xxx.o(.text))
<BR>[Address Reference Count : 1]<UL><LI> startup_stm32f40_41xxx.o(RESET)
</UL>
<P><STRONG><a name="[39]"></a>USART2_IRQHandler</STRONG> (Thumb, 0 bytes, Stack size 0 bytes, startup_stm32f40_41xxx.o(.text))
<BR>[Address Reference Count : 1]<UL><LI> startup_stm32f40_41xxx.o(RESET)
</UL>
<P><STRONG><a name="[3a]"></a>USART3_IRQHandler</STRONG> (Thumb, 0 bytes, Stack size 0 bytes, startup_stm32f40_41xxx.o(.text))
<BR>[Address Reference Count : 1]<UL><LI> startup_stm32f40_41xxx.o(RESET)
</UL>
<P><STRONG><a name="[5a]"></a>USART6_IRQHandler</STRONG> (Thumb, 0 bytes, Stack size 0 bytes, startup_stm32f40_41xxx.o(.text))
<BR>[Address Reference Count : 1]<UL><LI> startup_stm32f40_41xxx.o(RESET)
</UL>
<P><STRONG><a name="[13]"></a>WWDG_IRQHandler</STRONG> (Thumb, 0 bytes, Stack size 0 bytes, startup_stm32f40_41xxx.o(.text))
<BR>[Address Reference Count : 1]<UL><LI> startup_stm32f40_41xxx.o(RESET)
</UL>
<P><STRONG><a name="[195]"></a>__user_initial_stackheap</STRONG> (Thumb, 0 bytes, Stack size unknown bytes, startup_stm32f40_41xxx.o(.text))
<BR><BR>[Called By]<UL><LI><a href="#[a3]">&gt;&gt;</a>&nbsp;&nbsp;&nbsp;__user_setup_stackheap
</UL>

<P><STRONG><a name="[305]"></a>inv_vector_compass_cal_sensitivity</STRONG> (Thumb, 8 bytes, Stack size 0 bytes, compass_vec_cal.o(.text), UNUSED)

<P><STRONG><a name="[b5]"></a>inv_cheap_rand</STRONG> (Thumb, 42 bytes, Stack size 0 bytes, compass_vec_cal.o(.text))
<BR><BR>[Called By]<UL><LI><a href="#[b4]">&gt;&gt;</a>&nbsp;&nbsp;&nbsp;inv_cheap_gaussian
</UL>

<P><STRONG><a name="[b4]"></a>inv_cheap_gaussian</STRONG> (Thumb, 134 bytes, Stack size 24 bytes, compass_vec_cal.o(.text))
<BR><BR>[Stack]<UL><LI>Max Depth = 168<LI>Call Chain = inv_cheap_gaussian &rArr; __hardfp_log &rArr; __kernel_poly &rArr; __aeabi_dmul
</UL>
<BR>[Calls]<UL><LI><a href="#[b5]">&gt;&gt;</a>&nbsp;&nbsp;&nbsp;inv_cheap_rand
<LI><a href="#[ba]">&gt;&gt;</a>&nbsp;&nbsp;&nbsp;__hardfp_sqrtf
<LI><a href="#[b8]">&gt;&gt;</a>&nbsp;&nbsp;&nbsp;__hardfp_log
<LI><a href="#[b6]">&gt;&gt;</a>&nbsp;&nbsp;&nbsp;__hardfp_cosf
<LI><a href="#[b7]">&gt;&gt;</a>&nbsp;&nbsp;&nbsp;__aeabi_f2d
<LI><a href="#[b1]">&gt;&gt;</a>&nbsp;&nbsp;&nbsp;__aeabi_dmul
<LI><a href="#[b9]">&gt;&gt;</a>&nbsp;&nbsp;&nbsp;__aeabi_d2f
</UL>
<BR>[Called By]<UL><LI><a href="#[cf]">&gt;&gt;</a>&nbsp;&nbsp;&nbsp;inv_check_sim
</UL>

<P><STRONG><a name="[bb]"></a>inv_combine_compass_data</STRONG> (Thumb, 416 bytes, Stack size 40 bytes, compass_vec_cal.o(.text))
<BR><BR>[Stack]<UL><LI>Max Depth = 72<LI>Call Chain = inv_combine_compass_data &rArr; __aeabi_dmul
</UL>
<BR>[Calls]<UL><LI><a href="#[b7]">&gt;&gt;</a>&nbsp;&nbsp;&nbsp;__aeabi_f2d
<LI><a href="#[b1]">&gt;&gt;</a>&nbsp;&nbsp;&nbsp;__aeabi_dmul
<LI><a href="#[b3]">&gt;&gt;</a>&nbsp;&nbsp;&nbsp;__aeabi_dadd
</UL>
<BR>[Called By]<UL><LI><a href="#[157]">&gt;&gt;</a>&nbsp;&nbsp;&nbsp;inv_combine_data_calculate_bias
<LI><a href="#[d5]">&gt;&gt;</a>&nbsp;&nbsp;&nbsp;inv_process_compass_only_cal
</UL>

<P><STRONG><a name="[bc]"></a>inv_set_terms</STRONG> (Thumb, 932 bytes, Stack size 72 bytes, compass_vec_cal.o(.text))
<BR><BR>[Stack]<UL><LI>Max Depth = 104<LI>Call Chain = inv_set_terms &rArr; __aeabi_dmul
</UL>
<BR>[Calls]<UL><LI><a href="#[b1]">&gt;&gt;</a>&nbsp;&nbsp;&nbsp;__aeabi_dmul
<LI><a href="#[ae]">&gt;&gt;</a>&nbsp;&nbsp;&nbsp;__aeabi_i2d
<LI><a href="#[b3]">&gt;&gt;</a>&nbsp;&nbsp;&nbsp;__aeabi_dadd
</UL>
<BR>[Called By]<UL><LI><a href="#[15f]">&gt;&gt;</a>&nbsp;&nbsp;&nbsp;inv_auto_calibrate
<LI><a href="#[d5]">&gt;&gt;</a>&nbsp;&nbsp;&nbsp;inv_process_compass_only_cal
<LI><a href="#[cf]">&gt;&gt;</a>&nbsp;&nbsp;&nbsp;inv_check_sim
</UL>

<P><STRONG><a name="[bd]"></a>inv_compute_bias</STRONG> (Thumb, 2142 bytes, Stack size 176 bytes, compass_vec_cal.o(.text))
<BR><BR>[Stack]<UL><LI>Max Depth = 248<LI>Call Chain = inv_compute_bias &rArr; __hardfp_sqrt &rArr; _dsqrt &rArr; __fpl_dnaninf
</UL>
<BR>[Calls]<UL><LI><a href="#[c0]">&gt;&gt;</a>&nbsp;&nbsp;&nbsp;__hardfp_sqrt
<LI><a href="#[b1]">&gt;&gt;</a>&nbsp;&nbsp;&nbsp;__aeabi_dmul
<LI><a href="#[be]">&gt;&gt;</a>&nbsp;&nbsp;&nbsp;__aeabi_cdcmpeq
<LI><a href="#[bf]">&gt;&gt;</a>&nbsp;&nbsp;&nbsp;__aeabi_ddiv
<LI><a href="#[b2]">&gt;&gt;</a>&nbsp;&nbsp;&nbsp;__aeabi_dsub
<LI><a href="#[b3]">&gt;&gt;</a>&nbsp;&nbsp;&nbsp;__aeabi_dadd
</UL>
<BR>[Called By]<UL><LI><a href="#[157]">&gt;&gt;</a>&nbsp;&nbsp;&nbsp;inv_combine_data_calculate_bias
<LI><a href="#[d5]">&gt;&gt;</a>&nbsp;&nbsp;&nbsp;inv_process_compass_only_cal
<LI><a href="#[cf]">&gt;&gt;</a>&nbsp;&nbsp;&nbsp;inv_check_sim
</UL>

<P><STRONG><a name="[c1]"></a>inv_center_sum</STRONG> (Thumb, 1784 bytes, Stack size 144 bytes, compass_vec_cal.o(.text))
<BR><BR>[Stack]<UL><LI>Max Depth = 176<LI>Call Chain = inv_center_sum &rArr; __aeabi_dmul
</UL>
<BR>[Calls]<UL><LI><a href="#[b1]">&gt;&gt;</a>&nbsp;&nbsp;&nbsp;__aeabi_dmul
<LI><a href="#[b2]">&gt;&gt;</a>&nbsp;&nbsp;&nbsp;__aeabi_dsub
<LI><a href="#[c2]">&gt;&gt;</a>&nbsp;&nbsp;&nbsp;__aeabi_drsub
<LI><a href="#[b3]">&gt;&gt;</a>&nbsp;&nbsp;&nbsp;__aeabi_dadd
</UL>
<BR>[Called By]<UL><LI><a href="#[d5]">&gt;&gt;</a>&nbsp;&nbsp;&nbsp;inv_process_compass_only_cal
</UL>

<P><STRONG><a name="[c3]"></a>inv_get_current_calibrated_compass</STRONG> (Thumb, 82 bytes, Stack size 48 bytes, compass_vec_cal.o(.text))
<BR><BR>[Stack]<UL><LI>Max Depth = 68<LI>Call Chain = inv_get_current_calibrated_compass &rArr; inv_convert_to_body_with_scale
</UL>
<BR>[Calls]<UL><LI><a href="#[c5]">&gt;&gt;</a>&nbsp;&nbsp;&nbsp;inv_convert_to_body_with_scale
<LI><a href="#[c4]">&gt;&gt;</a>&nbsp;&nbsp;&nbsp;inv_get_compass_bias
</UL>
<BR>[Called By]<UL><LI><a href="#[c6]">&gt;&gt;</a>&nbsp;&nbsp;&nbsp;inv_add_compass_block_data
</UL>

<P><STRONG><a name="[c6]"></a>inv_add_compass_block_data</STRONG> (Thumb, 172 bytes, Stack size 64 bytes, compass_vec_cal.o(.text))
<BR><BR>[Stack]<UL><LI>Max Depth = 136<LI>Call Chain = inv_add_compass_block_data &rArr; __hardfp_sqrt &rArr; _dsqrt &rArr; __fpl_dnaninf
</UL>
<BR>[Calls]<UL><LI><a href="#[c3]">&gt;&gt;</a>&nbsp;&nbsp;&nbsp;inv_get_current_calibrated_compass
<LI><a href="#[c7]">&gt;&gt;</a>&nbsp;&nbsp;&nbsp;inv_got_compass_bias
<LI><a href="#[c0]">&gt;&gt;</a>&nbsp;&nbsp;&nbsp;__hardfp_sqrt
<LI><a href="#[b7]">&gt;&gt;</a>&nbsp;&nbsp;&nbsp;__aeabi_f2d
<LI><a href="#[bf]">&gt;&gt;</a>&nbsp;&nbsp;&nbsp;__aeabi_ddiv
<LI><a href="#[b3]">&gt;&gt;</a>&nbsp;&nbsp;&nbsp;__aeabi_dadd
<LI><a href="#[b9]">&gt;&gt;</a>&nbsp;&nbsp;&nbsp;__aeabi_d2f
</UL>
<BR>[Called By]<UL><LI><a href="#[c8]">&gt;&gt;</a>&nbsp;&nbsp;&nbsp;inv_ignore_compass_data
</UL>

<P><STRONG><a name="[cf]"></a>inv_check_sim</STRONG> (Thumb, 400 bytes, Stack size 144 bytes, compass_vec_cal.o(.text))
<BR><BR>[Stack]<UL><LI>Max Depth = 392<LI>Call Chain = inv_check_sim &rArr; inv_compute_bias &rArr; __hardfp_sqrt &rArr; _dsqrt &rArr; __fpl_dnaninf
</UL>
<BR>[Calls]<UL><LI><a href="#[bd]">&gt;&gt;</a>&nbsp;&nbsp;&nbsp;inv_compute_bias
<LI><a href="#[bc]">&gt;&gt;</a>&nbsp;&nbsp;&nbsp;inv_set_terms
<LI><a href="#[b4]">&gt;&gt;</a>&nbsp;&nbsp;&nbsp;inv_cheap_gaussian
<LI><a href="#[d0]">&gt;&gt;</a>&nbsp;&nbsp;&nbsp;inv_get_6axis_quaternion
<LI><a href="#[d2]">&gt;&gt;</a>&nbsp;&nbsp;&nbsp;inv_q_mult
<LI><a href="#[d1]">&gt;&gt;</a>&nbsp;&nbsp;&nbsp;inv_q_invert
<LI><a href="#[c0]">&gt;&gt;</a>&nbsp;&nbsp;&nbsp;__hardfp_sqrt
<LI><a href="#[b0]">&gt;&gt;</a>&nbsp;&nbsp;&nbsp;__aeabi_cdrcmple
<LI><a href="#[b1]">&gt;&gt;</a>&nbsp;&nbsp;&nbsp;__aeabi_dmul
<LI><a href="#[bf]">&gt;&gt;</a>&nbsp;&nbsp;&nbsp;__aeabi_ddiv
<LI><a href="#[b2]">&gt;&gt;</a>&nbsp;&nbsp;&nbsp;__aeabi_dsub
<LI><a href="#[b3]">&gt;&gt;</a>&nbsp;&nbsp;&nbsp;__aeabi_dadd
</UL>
<BR>[Called By]<UL><LI><a href="#[d5]">&gt;&gt;</a>&nbsp;&nbsp;&nbsp;inv_process_compass_only_cal
</UL>

<P><STRONG><a name="[d3]"></a>inv_reset_data_collection</STRONG> (Thumb, 50 bytes, Stack size 8 bytes, compass_vec_cal.o(.text))
<BR><BR>[Stack]<UL><LI>Max Depth = 12<LI>Call Chain = inv_reset_data_collection &rArr; __aeabi_memclr4
</UL>
<BR>[Calls]<UL><LI><a href="#[d4]">&gt;&gt;</a>&nbsp;&nbsp;&nbsp;__aeabi_memclr4
</UL>
<BR>[Called By]<UL><LI><a href="#[e3]">&gt;&gt;</a>&nbsp;&nbsp;&nbsp;inv_init_vector_compass_cal
<LI><a href="#[d5]">&gt;&gt;</a>&nbsp;&nbsp;&nbsp;inv_process_compass_only_cal
</UL>

<P><STRONG><a name="[d5]"></a>inv_process_compass_only_cal</STRONG> (Thumb, 1720 bytes, Stack size 360 bytes, compass_vec_cal.o(.text))
<BR><BR>[Stack]<UL><LI>Max Depth = 752<LI>Call Chain = inv_process_compass_only_cal &rArr; inv_check_sim &rArr; inv_compute_bias &rArr; __hardfp_sqrt &rArr; _dsqrt &rArr; __fpl_dnaninf
</UL>
<BR>[Calls]<UL><LI><a href="#[db]">&gt;&gt;</a>&nbsp;&nbsp;&nbsp;inv_set_compass_bias_found
<LI><a href="#[da]">&gt;&gt;</a>&nbsp;&nbsp;&nbsp;inv_set_compass_bias
<LI><a href="#[d7]">&gt;&gt;</a>&nbsp;&nbsp;&nbsp;inv_set_magnetic_disturbance
<LI><a href="#[d3]">&gt;&gt;</a>&nbsp;&nbsp;&nbsp;inv_reset_data_collection
<LI><a href="#[cf]">&gt;&gt;</a>&nbsp;&nbsp;&nbsp;inv_check_sim
<LI><a href="#[c1]">&gt;&gt;</a>&nbsp;&nbsp;&nbsp;inv_center_sum
<LI><a href="#[bd]">&gt;&gt;</a>&nbsp;&nbsp;&nbsp;inv_compute_bias
<LI><a href="#[bc]">&gt;&gt;</a>&nbsp;&nbsp;&nbsp;inv_set_terms
<LI><a href="#[bb]">&gt;&gt;</a>&nbsp;&nbsp;&nbsp;inv_combine_compass_data
<LI><a href="#[d6]">&gt;&gt;</a>&nbsp;&nbsp;&nbsp;inv_set_peaks
<LI><a href="#[cd]">&gt;&gt;</a>&nbsp;&nbsp;&nbsp;inv_bias_stability
<LI><a href="#[c8]">&gt;&gt;</a>&nbsp;&nbsp;&nbsp;inv_ignore_compass_data
<LI><a href="#[ad]">&gt;&gt;</a>&nbsp;&nbsp;&nbsp;inv_check_peaks
<LI><a href="#[d8]">&gt;&gt;</a>&nbsp;&nbsp;&nbsp;inv_set_compass_state
<LI><a href="#[dc]">&gt;&gt;</a>&nbsp;&nbsp;&nbsp;inv_set_compass_bias_error
<LI><a href="#[c0]">&gt;&gt;</a>&nbsp;&nbsp;&nbsp;__hardfp_sqrt
<LI><a href="#[b7]">&gt;&gt;</a>&nbsp;&nbsp;&nbsp;__aeabi_f2d
<LI><a href="#[b0]">&gt;&gt;</a>&nbsp;&nbsp;&nbsp;__aeabi_cdrcmple
<LI><a href="#[b1]">&gt;&gt;</a>&nbsp;&nbsp;&nbsp;__aeabi_dmul
<LI><a href="#[af]">&gt;&gt;</a>&nbsp;&nbsp;&nbsp;__aeabi_cdcmple
<LI><a href="#[ae]">&gt;&gt;</a>&nbsp;&nbsp;&nbsp;__aeabi_i2d
<LI><a href="#[d9]">&gt;&gt;</a>&nbsp;&nbsp;&nbsp;__aeabi_d2iz
<LI><a href="#[be]">&gt;&gt;</a>&nbsp;&nbsp;&nbsp;__aeabi_cdcmpeq
<LI><a href="#[bf]">&gt;&gt;</a>&nbsp;&nbsp;&nbsp;__aeabi_ddiv
<LI><a href="#[b2]">&gt;&gt;</a>&nbsp;&nbsp;&nbsp;__aeabi_dsub
<LI><a href="#[b3]">&gt;&gt;</a>&nbsp;&nbsp;&nbsp;__aeabi_dadd
<LI><a href="#[ce]">&gt;&gt;</a>&nbsp;&nbsp;&nbsp;__aeabi_memcpy4
</UL>
<BR>[Called By]<UL><LI><a href="#[dd]">&gt;&gt;</a>&nbsp;&nbsp;&nbsp;inv_generate_vector_compass_cal
</UL>

<P><STRONG><a name="[dd]"></a>inv_generate_vector_compass_cal</STRONG> (Thumb, 62 bytes, Stack size 16 bytes, compass_vec_cal.o(.text))
<BR><BR>[Stack]<UL><LI>Max Depth = 768<LI>Call Chain = inv_generate_vector_compass_cal &rArr; inv_process_compass_only_cal &rArr; inv_check_sim &rArr; inv_compute_bias &rArr; __hardfp_sqrt &rArr; _dsqrt &rArr; __fpl_dnaninf
</UL>
<BR>[Calls]<UL><LI><a href="#[d5]">&gt;&gt;</a>&nbsp;&nbsp;&nbsp;inv_process_compass_only_cal
<LI><a href="#[de]">&gt;&gt;</a>&nbsp;&nbsp;&nbsp;inv_init_sensitivity_const
</UL>
<BR>[Address Reference Count : 1]<UL><LI> compass_vec_cal.o(.text)
</UL>
<P><STRONG><a name="[df]"></a>inv_start_vector_compass_cal</STRONG> (Thumb, 14 bytes, Stack size 0 bytes, compass_vec_cal.o(.text))
<BR><BR>[Stack]<UL><LI>Max Depth = 472 + Unknown Stack Size
<LI>Call Chain = inv_start_vector_compass_cal &rArr; inv_register_data_cb &rArr; _MLPrintLog &rArr; vsprintf &rArr; _printf_char_common &rArr; __printf
</UL>
<BR>[Calls]<UL><LI><a href="#[e0]">&gt;&gt;</a>&nbsp;&nbsp;&nbsp;inv_register_data_cb
</UL>
<BR>[Address Reference Count : 1]<UL><LI> compass_vec_cal.o(.text)
</UL>
<P><STRONG><a name="[e1]"></a>inv_stop_vector_compass_cal</STRONG> (Thumb, 8 bytes, Stack size 0 bytes, compass_vec_cal.o(.text), UNUSED)
<BR><BR>[Calls]<UL><LI><a href="#[e2]">&gt;&gt;</a>&nbsp;&nbsp;&nbsp;inv_unregister_data_cb
</UL>

<P><STRONG><a name="[e3]"></a>inv_init_vector_compass_cal</STRONG> (Thumb, 92 bytes, Stack size 8 bytes, compass_vec_cal.o(.text))
<BR><BR>[Stack]<UL><LI>Max Depth = 20<LI>Call Chain = inv_init_vector_compass_cal &rArr; inv_init_check_sample_balance_parameter
</UL>
<BR>[Calls]<UL><LI><a href="#[e4]">&gt;&gt;</a>&nbsp;&nbsp;&nbsp;inv_init_check_sample_balance_parameter
<LI><a href="#[d3]">&gt;&gt;</a>&nbsp;&nbsp;&nbsp;inv_reset_data_collection
<LI><a href="#[d4]">&gt;&gt;</a>&nbsp;&nbsp;&nbsp;__aeabi_memclr4
</UL>
<BR>[Called By]<UL><LI><a href="#[e5]">&gt;&gt;</a>&nbsp;&nbsp;&nbsp;inv_enable_vector_compass_cal
</UL>

<P><STRONG><a name="[e5]"></a>inv_enable_vector_compass_cal</STRONG> (Thumb, 24 bytes, Stack size 8 bytes, compass_vec_cal.o(.text))
<BR><BR>[Stack]<UL><LI>Max Depth = 28<LI>Call Chain = inv_enable_vector_compass_cal &rArr; inv_init_vector_compass_cal &rArr; inv_init_check_sample_balance_parameter
</UL>
<BR>[Calls]<UL><LI><a href="#[e6]">&gt;&gt;</a>&nbsp;&nbsp;&nbsp;inv_register_mpl_start_notification
<LI><a href="#[e3]">&gt;&gt;</a>&nbsp;&nbsp;&nbsp;inv_init_vector_compass_cal
</UL>
<BR>[Called By]<UL><LI><a href="#[21e]">&gt;&gt;</a>&nbsp;&nbsp;&nbsp;mpu_dmp_init
</UL>

<P><STRONG><a name="[e7]"></a>inv_disable_vector_compass_cal</STRONG> (Thumb, 22 bytes, Stack size 8 bytes, compass_vec_cal.o(.text), UNUSED)
<BR><BR>[Calls]<UL><LI><a href="#[e8]">&gt;&gt;</a>&nbsp;&nbsp;&nbsp;inv_unregister_mpl_start_notification
<LI><a href="#[e2]">&gt;&gt;</a>&nbsp;&nbsp;&nbsp;inv_unregister_data_cb
</UL>

<P><STRONG><a name="[f1]"></a>inv_init_maxmin</STRONG> (Thumb, 78 bytes, Stack size 8 bytes, fast_no_motion.o(.text))
<BR><BR>[Stack]<UL><LI>Max Depth = 8<LI>Call Chain = inv_init_maxmin
</UL>
<BR>[Called By]<UL><LI><a href="#[106]">&gt;&gt;</a>&nbsp;&nbsp;&nbsp;inv_start_fast_nomot
<LI><a href="#[105]">&gt;&gt;</a>&nbsp;&nbsp;&nbsp;inv_init_fast_nomot
<LI><a href="#[f6]">&gt;&gt;</a>&nbsp;&nbsp;&nbsp;inv_detect_motion_by_gyro_accel
<LI><a href="#[ef]">&gt;&gt;</a>&nbsp;&nbsp;&nbsp;inv_fast_nomot_set_gyro_bias
<LI><a href="#[f7]">&gt;&gt;</a>&nbsp;&nbsp;&nbsp;inv_reset_packet
</UL>

<P><STRONG><a name="[ea]"></a>inv_fast_nomot_parameter</STRONG> (Thumb, 332 bytes, Stack size 48 bytes, fast_no_motion.o(.text))
<BR><BR>[Stack]<UL><LI>Max Depth = 64<LI>Call Chain = inv_fast_nomot_parameter &rArr; __aeabi_f2lz
</UL>
<BR>[Calls]<UL><LI><a href="#[eb]">&gt;&gt;</a>&nbsp;&nbsp;&nbsp;__aeabi_l2f
<LI><a href="#[ec]">&gt;&gt;</a>&nbsp;&nbsp;&nbsp;__aeabi_f2lz
<LI><a href="#[ed]">&gt;&gt;</a>&nbsp;&nbsp;&nbsp;__aeabi_lasr
</UL>
<BR>[Called By]<UL><LI><a href="#[15f]">&gt;&gt;</a>&nbsp;&nbsp;&nbsp;inv_auto_calibrate
<LI><a href="#[f6]">&gt;&gt;</a>&nbsp;&nbsp;&nbsp;inv_detect_motion_by_gyro_accel
</UL>

<P><STRONG><a name="[ee]"></a>inv_fast_nomot_parameter_3rd</STRONG> (Thumb, 190 bytes, Stack size 40 bytes, fast_no_motion.o(.text))
<BR><BR>[Stack]<UL><LI>Max Depth = 56<LI>Call Chain = inv_fast_nomot_parameter_3rd &rArr; __aeabi_f2lz
</UL>
<BR>[Calls]<UL><LI><a href="#[eb]">&gt;&gt;</a>&nbsp;&nbsp;&nbsp;__aeabi_l2f
<LI><a href="#[ec]">&gt;&gt;</a>&nbsp;&nbsp;&nbsp;__aeabi_f2lz
<LI><a href="#[ed]">&gt;&gt;</a>&nbsp;&nbsp;&nbsp;__aeabi_lasr
</UL>
<BR>[Called By]<UL><LI><a href="#[15f]">&gt;&gt;</a>&nbsp;&nbsp;&nbsp;inv_auto_calibrate
</UL>

<P><STRONG><a name="[ef]"></a>inv_fast_nomot_set_gyro_bias</STRONG> (Thumb, 232 bytes, Stack size 40 bytes, fast_no_motion.o(.text))
<BR><BR>[Stack]<UL><LI>Max Depth = 100<LI>Call Chain = inv_fast_nomot_set_gyro_bias &rArr; inv_set_gyro_bias &rArr; inv_apply_calibration &rArr; inv_convert_to_body_with_scale
</UL>
<BR>[Calls]<UL><LI><a href="#[f2]">&gt;&gt;</a>&nbsp;&nbsp;&nbsp;inv_q30_mult
<LI><a href="#[f3]">&gt;&gt;</a>&nbsp;&nbsp;&nbsp;inv_set_gyro_bias
<LI><a href="#[f0]">&gt;&gt;</a>&nbsp;&nbsp;&nbsp;__aeabi_llsl
<LI><a href="#[f1]">&gt;&gt;</a>&nbsp;&nbsp;&nbsp;inv_init_maxmin
<LI><a href="#[f4]">&gt;&gt;</a>&nbsp;&nbsp;&nbsp;inv_set_motion_state
<LI><a href="#[d4]">&gt;&gt;</a>&nbsp;&nbsp;&nbsp;__aeabi_memclr4
</UL>
<BR>[Called By]<UL><LI><a href="#[fd]">&gt;&gt;</a>&nbsp;&nbsp;&nbsp;inv_generate_fast_nomot
</UL>

<P><STRONG><a name="[306]"></a>inv_set_fast_nomot_compass_threshold</STRONG> (Thumb, 8 bytes, Stack size 0 bytes, fast_no_motion.o(.text), UNUSED)

<P><STRONG><a name="[307]"></a>int_set_fast_nomot_gyro_threshold</STRONG> (Thumb, 8 bytes, Stack size 0 bytes, fast_no_motion.o(.text), UNUSED)

<P><STRONG><a name="[308]"></a>inv_set_fast_nomot_accel_threshold</STRONG> (Thumb, 8 bytes, Stack size 0 bytes, fast_no_motion.o(.text), UNUSED)

<P><STRONG><a name="[309]"></a>inv_get_fast_nomot_compass_param</STRONG> (Thumb, 18 bytes, Stack size 0 bytes, fast_no_motion.o(.text), UNUSED)

<P><STRONG><a name="[30a]"></a>inv_get_fast_nomot_accel_param</STRONG> (Thumb, 18 bytes, Stack size 0 bytes, fast_no_motion.o(.text), UNUSED)

<P><STRONG><a name="[fb]"></a>inv_fast_nomot_store_data</STRONG> (Thumb, 140 bytes, Stack size 44 bytes, fast_no_motion.o(.text))
<BR><BR>[Stack]<UL><LI>Max Depth = 44<LI>Call Chain = inv_fast_nomot_store_data
</UL>
<BR>[Called By]<UL><LI><a href="#[15f]">&gt;&gt;</a>&nbsp;&nbsp;&nbsp;inv_auto_calibrate
<LI><a href="#[fa]">&gt;&gt;</a>&nbsp;&nbsp;&nbsp;inv_sensor_data_preprocess
</UL>

<P><STRONG><a name="[fc]"></a>inv_fast_nomot_store_data_compass</STRONG> (Thumb, 74 bytes, Stack size 12 bytes, fast_no_motion.o(.text))
<BR><BR>[Stack]<UL><LI>Max Depth = 12<LI>Call Chain = inv_fast_nomot_store_data_compass
</UL>
<BR>[Called By]<UL><LI><a href="#[fa]">&gt;&gt;</a>&nbsp;&nbsp;&nbsp;inv_sensor_data_preprocess
</UL>

<P><STRONG><a name="[fe]"></a>inv_fast_nomot_reset_data_compass</STRONG> (Thumb, 36 bytes, Stack size 8 bytes, fast_no_motion.o(.text))
<BR><BR>[Stack]<UL><LI>Max Depth = 8<LI>Call Chain = inv_fast_nomot_reset_data_compass
</UL>
<BR>[Called By]<UL><LI><a href="#[fd]">&gt;&gt;</a>&nbsp;&nbsp;&nbsp;inv_generate_fast_nomot
</UL>

<P><STRONG><a name="[101]"></a>inv_fast_nomot_get_time_elaps</STRONG> (Thumb, 8 bytes, Stack size 0 bytes, fast_no_motion.o(.text))
<BR><BR>[Called By]<UL><LI><a href="#[fd]">&gt;&gt;</a>&nbsp;&nbsp;&nbsp;inv_generate_fast_nomot
</UL>

<P><STRONG><a name="[100]"></a>inv_fast_nomot_parameter_compass</STRONG> (Thumb, 22 bytes, Stack size 0 bytes, fast_no_motion.o(.text))
<BR><BR>[Called By]<UL><LI><a href="#[fd]">&gt;&gt;</a>&nbsp;&nbsp;&nbsp;inv_generate_fast_nomot
</UL>

<P><STRONG><a name="[f5]"></a>inv_get_right_shift_by_rounding</STRONG> (Thumb, 76 bytes, Stack size 32 bytes, fast_no_motion.o(.text), UNUSED)
<BR><BR>[Calls]<UL><LI><a href="#[f0]">&gt;&gt;</a>&nbsp;&nbsp;&nbsp;__aeabi_llsl
<LI><a href="#[ed]">&gt;&gt;</a>&nbsp;&nbsp;&nbsp;__aeabi_lasr
</UL>

<P><STRONG><a name="[ff]"></a>inv_reset_min_max_gyro_accel_statistics</STRONG> (Thumb, 38 bytes, Stack size 0 bytes, fast_no_motion.o(.text))
<BR><BR>[Called By]<UL><LI><a href="#[fd]">&gt;&gt;</a>&nbsp;&nbsp;&nbsp;inv_generate_fast_nomot
</UL>

<P><STRONG><a name="[103]"></a>inv_record_max_moment_in_no_motion_gyro</STRONG> (Thumb, 32 bytes, Stack size 12 bytes, fast_no_motion.o(.text))
<BR><BR>[Stack]<UL><LI>Max Depth = 12<LI>Call Chain = inv_record_max_moment_in_no_motion_gyro
</UL>
<BR>[Called By]<UL><LI><a href="#[fd]">&gt;&gt;</a>&nbsp;&nbsp;&nbsp;inv_generate_fast_nomot
</UL>

<P><STRONG><a name="[102]"></a>inv_record_max_moment_in_no_motion_accel</STRONG> (Thumb, 32 bytes, Stack size 12 bytes, fast_no_motion.o(.text))
<BR><BR>[Stack]<UL><LI>Max Depth = 12<LI>Call Chain = inv_record_max_moment_in_no_motion_accel
</UL>
<BR>[Called By]<UL><LI><a href="#[fd]">&gt;&gt;</a>&nbsp;&nbsp;&nbsp;inv_generate_fast_nomot
</UL>

<P><STRONG><a name="[f9]"></a>inv_record_min_moment_in_motion_gyro</STRONG> (Thumb, 34 bytes, Stack size 12 bytes, fast_no_motion.o(.text))
<BR><BR>[Stack]<UL><LI>Max Depth = 12<LI>Call Chain = inv_record_min_moment_in_motion_gyro
</UL>
<BR>[Called By]<UL><LI><a href="#[f6]">&gt;&gt;</a>&nbsp;&nbsp;&nbsp;inv_detect_motion_by_gyro_accel
</UL>

<P><STRONG><a name="[f8]"></a>inv_record_min_moment_in_motion_accel</STRONG> (Thumb, 34 bytes, Stack size 12 bytes, fast_no_motion.o(.text))
<BR><BR>[Stack]<UL><LI>Max Depth = 12<LI>Call Chain = inv_record_min_moment_in_motion_accel
</UL>
<BR>[Called By]<UL><LI><a href="#[f6]">&gt;&gt;</a>&nbsp;&nbsp;&nbsp;inv_detect_motion_by_gyro_accel
</UL>

<P><STRONG><a name="[f6]"></a>inv_detect_motion_by_gyro_accel</STRONG> (Thumb, 214 bytes, Stack size 32 bytes, fast_no_motion.o(.text))
<BR><BR>[Stack]<UL><LI>Max Depth = 96<LI>Call Chain = inv_detect_motion_by_gyro_accel &rArr; inv_fast_nomot_parameter &rArr; __aeabi_f2lz
</UL>
<BR>[Calls]<UL><LI><a href="#[f8]">&gt;&gt;</a>&nbsp;&nbsp;&nbsp;inv_record_min_moment_in_motion_accel
<LI><a href="#[f9]">&gt;&gt;</a>&nbsp;&nbsp;&nbsp;inv_record_min_moment_in_motion_gyro
<LI><a href="#[ea]">&gt;&gt;</a>&nbsp;&nbsp;&nbsp;inv_fast_nomot_parameter
<LI><a href="#[f1]">&gt;&gt;</a>&nbsp;&nbsp;&nbsp;inv_init_maxmin
<LI><a href="#[f7]">&gt;&gt;</a>&nbsp;&nbsp;&nbsp;inv_reset_packet
<LI><a href="#[d4]">&gt;&gt;</a>&nbsp;&nbsp;&nbsp;__aeabi_memclr4
</UL>
<BR>[Called By]<UL><LI><a href="#[fd]">&gt;&gt;</a>&nbsp;&nbsp;&nbsp;inv_generate_fast_nomot
</UL>

<P><STRONG><a name="[fa]"></a>inv_sensor_data_preprocess</STRONG> (Thumb, 132 bytes, Stack size 20 bytes, fast_no_motion.o(.text))
<BR><BR>[Stack]<UL><LI>Max Depth = 64<LI>Call Chain = inv_sensor_data_preprocess &rArr; inv_fast_nomot_store_data
</UL>
<BR>[Calls]<UL><LI><a href="#[fc]">&gt;&gt;</a>&nbsp;&nbsp;&nbsp;inv_fast_nomot_store_data_compass
<LI><a href="#[fb]">&gt;&gt;</a>&nbsp;&nbsp;&nbsp;inv_fast_nomot_store_data
</UL>
<BR>[Called By]<UL><LI><a href="#[fd]">&gt;&gt;</a>&nbsp;&nbsp;&nbsp;inv_generate_fast_nomot
</UL>

<P><STRONG><a name="[fd]"></a>inv_generate_fast_nomot</STRONG> (Thumb, 504 bytes, Stack size 32 bytes, fast_no_motion.o(.text))
<BR><BR>[Stack]<UL><LI>Max Depth = 132<LI>Call Chain = inv_generate_fast_nomot &rArr; inv_fast_nomot_set_gyro_bias &rArr; inv_set_gyro_bias &rArr; inv_apply_calibration &rArr; inv_convert_to_body_with_scale
</UL>
<BR>[Calls]<UL><LI><a href="#[fa]">&gt;&gt;</a>&nbsp;&nbsp;&nbsp;inv_sensor_data_preprocess
<LI><a href="#[f6]">&gt;&gt;</a>&nbsp;&nbsp;&nbsp;inv_detect_motion_by_gyro_accel
<LI><a href="#[102]">&gt;&gt;</a>&nbsp;&nbsp;&nbsp;inv_record_max_moment_in_no_motion_accel
<LI><a href="#[103]">&gt;&gt;</a>&nbsp;&nbsp;&nbsp;inv_record_max_moment_in_no_motion_gyro
<LI><a href="#[ff]">&gt;&gt;</a>&nbsp;&nbsp;&nbsp;inv_reset_min_max_gyro_accel_statistics
<LI><a href="#[100]">&gt;&gt;</a>&nbsp;&nbsp;&nbsp;inv_fast_nomot_parameter_compass
<LI><a href="#[101]">&gt;&gt;</a>&nbsp;&nbsp;&nbsp;inv_fast_nomot_get_time_elaps
<LI><a href="#[fe]">&gt;&gt;</a>&nbsp;&nbsp;&nbsp;inv_fast_nomot_reset_data_compass
<LI><a href="#[ef]">&gt;&gt;</a>&nbsp;&nbsp;&nbsp;inv_fast_nomot_set_gyro_bias
<LI><a href="#[f7]">&gt;&gt;</a>&nbsp;&nbsp;&nbsp;inv_reset_packet
<LI><a href="#[f4]">&gt;&gt;</a>&nbsp;&nbsp;&nbsp;inv_set_motion_state
<LI><a href="#[ba]">&gt;&gt;</a>&nbsp;&nbsp;&nbsp;__hardfp_sqrtf
</UL>
<BR>[Address Reference Count : 1]<UL><LI> fast_no_motion.o(.text)
</UL>
<P><STRONG><a name="[104]"></a>inv_set_default_number_of_samples</STRONG> (Thumb, 62 bytes, Stack size 8 bytes, fast_no_motion.o(.text))
<BR><BR>[Stack]<UL><LI>Max Depth = 32<LI>Call Chain = inv_set_default_number_of_samples &rArr; __hardfp_sqrtf &rArr; __set_errno
</UL>
<BR>[Calls]<UL><LI><a href="#[ba]">&gt;&gt;</a>&nbsp;&nbsp;&nbsp;__hardfp_sqrtf
</UL>
<BR>[Called By]<UL><LI><a href="#[163]">&gt;&gt;</a>&nbsp;&nbsp;&nbsp;inv_init_in_use_auto_calibration
<LI><a href="#[105]">&gt;&gt;</a>&nbsp;&nbsp;&nbsp;inv_init_fast_nomot
</UL>

<P><STRONG><a name="[105]"></a>inv_init_fast_nomot</STRONG> (Thumb, 78 bytes, Stack size 8 bytes, fast_no_motion.o(.text))
<BR><BR>[Stack]<UL><LI>Max Depth = 40<LI>Call Chain = inv_init_fast_nomot &rArr; inv_set_default_number_of_samples &rArr; __hardfp_sqrtf &rArr; __set_errno
</UL>
<BR>[Calls]<UL><LI><a href="#[104]">&gt;&gt;</a>&nbsp;&nbsp;&nbsp;inv_set_default_number_of_samples
<LI><a href="#[f1]">&gt;&gt;</a>&nbsp;&nbsp;&nbsp;inv_init_maxmin
<LI><a href="#[d4]">&gt;&gt;</a>&nbsp;&nbsp;&nbsp;__aeabi_memclr4
</UL>
<BR>[Called By]<UL><LI><a href="#[109]">&gt;&gt;</a>&nbsp;&nbsp;&nbsp;inv_enable_fast_nomot
</UL>

<P><STRONG><a name="[106]"></a>inv_start_fast_nomot</STRONG> (Thumb, 56 bytes, Stack size 8 bytes, fast_no_motion.o(.text))
<BR><BR>[Stack]<UL><LI>Max Depth = 480 + Unknown Stack Size
<LI>Call Chain = inv_start_fast_nomot &rArr; inv_register_data_cb &rArr; _MLPrintLog &rArr; vsprintf &rArr; _printf_char_common &rArr; __printf
</UL>
<BR>[Calls]<UL><LI><a href="#[107]">&gt;&gt;</a>&nbsp;&nbsp;&nbsp;inv_set_message
<LI><a href="#[e0]">&gt;&gt;</a>&nbsp;&nbsp;&nbsp;inv_register_data_cb
<LI><a href="#[f1]">&gt;&gt;</a>&nbsp;&nbsp;&nbsp;inv_init_maxmin
<LI><a href="#[d4]">&gt;&gt;</a>&nbsp;&nbsp;&nbsp;__aeabi_memclr4
</UL>
<BR>[Address Reference Count : 1]<UL><LI> fast_no_motion.o(.text)
</UL>
<P><STRONG><a name="[108]"></a>inv_stop_fast_nomot</STRONG> (Thumb, 20 bytes, Stack size 8 bytes, fast_no_motion.o(.text), UNUSED)
<BR><BR>[Calls]<UL><LI><a href="#[e2]">&gt;&gt;</a>&nbsp;&nbsp;&nbsp;inv_unregister_data_cb
<LI><a href="#[f4]">&gt;&gt;</a>&nbsp;&nbsp;&nbsp;inv_set_motion_state
</UL>
<BR>[Called By]<UL><LI><a href="#[10a]">&gt;&gt;</a>&nbsp;&nbsp;&nbsp;inv_disable_fast_nomot
</UL>

<P><STRONG><a name="[109]"></a>inv_enable_fast_nomot</STRONG> (Thumb, 24 bytes, Stack size 8 bytes, fast_no_motion.o(.text))
<BR><BR>[Stack]<UL><LI>Max Depth = 48<LI>Call Chain = inv_enable_fast_nomot &rArr; inv_init_fast_nomot &rArr; inv_set_default_number_of_samples &rArr; __hardfp_sqrtf &rArr; __set_errno
</UL>
<BR>[Calls]<UL><LI><a href="#[e6]">&gt;&gt;</a>&nbsp;&nbsp;&nbsp;inv_register_mpl_start_notification
<LI><a href="#[105]">&gt;&gt;</a>&nbsp;&nbsp;&nbsp;inv_init_fast_nomot
</UL>
<BR>[Called By]<UL><LI><a href="#[21e]">&gt;&gt;</a>&nbsp;&nbsp;&nbsp;mpu_dmp_init
</UL>

<P><STRONG><a name="[10a]"></a>inv_disable_fast_nomot</STRONG> (Thumb, 18 bytes, Stack size 8 bytes, fast_no_motion.o(.text), UNUSED)
<BR><BR>[Calls]<UL><LI><a href="#[e8]">&gt;&gt;</a>&nbsp;&nbsp;&nbsp;inv_unregister_mpl_start_notification
<LI><a href="#[108]">&gt;&gt;</a>&nbsp;&nbsp;&nbsp;inv_stop_fast_nomot
</UL>

<P><STRONG><a name="[30b]"></a>inv_get_fnm_gyro_no_motion_param</STRONG> (Thumb, 8 bytes, Stack size 0 bytes, fast_no_motion.o(.text), UNUSED)

<P><STRONG><a name="[30c]"></a>inv_fnm_debug_print</STRONG> (Thumb, 2 bytes, Stack size 0 bytes, fast_no_motion.o(.text), UNUSED)

<P><STRONG><a name="[10e]"></a>inv_filter_correction_angle</STRONG> (Thumb, 374 bytes, Stack size 32 bytes, fusion_9axis.o(.text))
<BR><BR>[Stack]<UL><LI>Max Depth = 64<LI>Call Chain = inv_filter_correction_angle &rArr; __aeabi_dmul
</UL>
<BR>[Calls]<UL><LI><a href="#[b7]">&gt;&gt;</a>&nbsp;&nbsp;&nbsp;__aeabi_f2d
<LI><a href="#[b1]">&gt;&gt;</a>&nbsp;&nbsp;&nbsp;__aeabi_dmul
[...]
<BR><BR>[Stack]<UL><LI>Max Depth = 744 + Unknown Stack Size
<LI>Call Chain = get_st_6500_biases &rArr; __2printf &rArr; _printf_char_file &rArr; _printf_char_common &rArr; __printf
</UL>
<BR>[Calls]<UL><LI><a href="#[1d8]">&gt;&gt;</a>&nbsp;&nbsp;&nbsp;MPU_Write_Len
<LI><a href="#[1d0]">&gt;&gt;</a>&nbsp;&nbsp;&nbsp;MPU_Read_Len
<LI><a href="#[1c7]">&gt;&gt;</a>&nbsp;&nbsp;&nbsp;delay_ms
<LI><a href="#[b7]">&gt;&gt;</a>&nbsp;&nbsp;&nbsp;__aeabi_f2d
<LI><a href="#[16d]">&gt;&gt;</a>&nbsp;&nbsp;&nbsp;__2printf
<LI><a href="#[e9]">&gt;&gt;</a>&nbsp;&nbsp;&nbsp;__aeabi_ldivmod
</UL>
<BR>[Called By]<UL><LI><a href="#[2c0]">&gt;&gt;</a>&nbsp;&nbsp;&nbsp;mpu_run_6500_self_test
</UL>

<P><STRONG><a name="[283]"></a>gyro_6500_self_test</STRONG> (Thumb, 680 bytes, Stack size 128 bytes, inv_mpu.o(i.gyro_6500_self_test))
<BR><BR>[Stack]<UL><LI>Max Depth = 272 + Unknown Stack Size
<LI>Call Chain = gyro_6500_self_test &rArr; __2printf &rArr; _printf_char_file &rArr; _printf_char_common &rArr; __printf
</UL>
<BR>[Calls]<UL><LI><a href="#[1d0]">&gt;&gt;</a>&nbsp;&nbsp;&nbsp;MPU_Read_Len
<LI><a href="#[156]">&gt;&gt;</a>&nbsp;&nbsp;&nbsp;__hardfp_fabs
<LI><a href="#[b7]">&gt;&gt;</a>&nbsp;&nbsp;&nbsp;__aeabi_f2d
<LI><a href="#[b0]">&gt;&gt;</a>&nbsp;&nbsp;&nbsp;__aeabi_cdrcmple
<LI><a href="#[ae]">&gt;&gt;</a>&nbsp;&nbsp;&nbsp;__aeabi_i2d
<LI><a href="#[16d]">&gt;&gt;</a>&nbsp;&nbsp;&nbsp;__2printf
</UL>
<BR>[Called By]<UL><LI><a href="#[2c0]">&gt;&gt;</a>&nbsp;&nbsp;&nbsp;mpu_run_6500_self_test
</UL>

<P><STRONG><a name="[2a7]"></a>set_int_enable</STRONG> (Thumb, 80 bytes, Stack size 24 bytes, inv_mpu.o(i.set_int_enable))
<BR><BR>[Stack]<UL><LI>Max Depth = 72<LI>Call Chain = set_int_enable &rArr; MPU_Write_Len &rArr; IIC_Wait_Ack &rArr; IIC_Stop
</UL>
<BR>[Calls]<UL><LI><a href="#[1d8]">&gt;&gt;</a>&nbsp;&nbsp;&nbsp;MPU_Write_Len
</UL>
<BR>[Called By]<UL><LI><a href="#[2b5]">&gt;&gt;</a>&nbsp;&nbsp;&nbsp;mpu_set_dmp_state
<LI><a href="#[2a6]">&gt;&gt;</a>&nbsp;&nbsp;&nbsp;mpu_configure_fifo
</UL>

<P><STRONG><a name="[2bb]"></a>setup_compass</STRONG> (Thumb, 448 bytes, Stack size 24 bytes, inv_mpu.o(i.setup_compass))
<BR><BR>[Stack]<UL><LI>Max Depth = 168 + Unknown Stack Size
<LI>Call Chain = setup_compass &rArr; __2printf &rArr; _printf_char_file &rArr; _printf_char_common &rArr; __printf
</UL>
<BR>[Calls]<UL><LI><a href="#[1d8]">&gt;&gt;</a>&nbsp;&nbsp;&nbsp;MPU_Write_Len
<LI><a href="#[1d0]">&gt;&gt;</a>&nbsp;&nbsp;&nbsp;MPU_Read_Len
<LI><a href="#[1c7]">&gt;&gt;</a>&nbsp;&nbsp;&nbsp;delay_ms
<LI><a href="#[25f]">&gt;&gt;</a>&nbsp;&nbsp;&nbsp;mpu_set_bypass
<LI><a href="#[16d]">&gt;&gt;</a>&nbsp;&nbsp;&nbsp;__2printf
</UL>
<BR>[Called By]<UL><LI><a href="#[2a8]">&gt;&gt;</a>&nbsp;&nbsp;&nbsp;mpu_init
</UL>

<P><STRONG><a name="[73]"></a>inv_generate_eMPL_outputs</STRONG> (Thumb, 162 bytes, Stack size 24 bytes, empl_outputs.o(i.inv_generate_eMPL_outputs))
<BR><BR>[Stack]<UL><LI>Max Depth = 68<LI>Call Chain = inv_generate_eMPL_outputs &rArr; inv_get_quaternion_set &rArr; inv_get_quaternion &rArr; inv_q_mult
</UL>
<BR>[Calls]<UL><LI><a href="#[28f]">&gt;&gt;</a>&nbsp;&nbsp;&nbsp;inv_get_quaternion_set
</UL>
<BR>[Address Reference Count : 1]<UL><LI> empl_outputs.o(i.inv_start_eMPL_outputs)
</UL>
<P><STRONG><a name="[6f]"></a>inv_start_eMPL_outputs</STRONG> (Thumb, 12 bytes, Stack size 0 bytes, empl_outputs.o(i.inv_start_eMPL_outputs))
<BR><BR>[Stack]<UL><LI>Max Depth = 472 + Unknown Stack Size
<LI>Call Chain = inv_start_eMPL_outputs &rArr; inv_register_data_cb &rArr; _MLPrintLog &rArr; vsprintf &rArr; _printf_char_common &rArr; __printf
</UL>
<BR>[Calls]<UL><LI><a href="#[e0]">&gt;&gt;</a>&nbsp;&nbsp;&nbsp;inv_register_data_cb
</UL>
<BR>[Address Reference Count : 1]<UL><LI> empl_outputs.o(i.inv_enable_eMPL_outputs)
</UL>
<P><STRONG><a name="[72]"></a>inv_db_load_func</STRONG> (Thumb, 54 bytes, Stack size 8 bytes, data_builder.o(i.inv_db_load_func))
<BR><BR>[Stack]<UL><LI>Max Depth = 8<LI>Call Chain = inv_db_load_func
</UL>
<BR>[Calls]<UL><LI><a href="#[db]">&gt;&gt;</a>&nbsp;&nbsp;&nbsp;inv_set_compass_bias_found
<LI><a href="#[11d]">&gt;&gt;</a>&nbsp;&nbsp;&nbsp;__aeabi_memcpy
</UL>
<BR>[Address Reference Count : 1]<UL><LI> data_builder.o(i.inv_init_data_builder)
</UL>
<P><STRONG><a name="[71]"></a>inv_db_save_func</STRONG> (Thumb, 14 bytes, Stack size 8 bytes, data_builder.o(i.inv_db_save_func))
<BR><BR>[Stack]<UL><LI>Max Depth = 8<LI>Call Chain = inv_db_save_func
</UL>
<BR>[Calls]<UL><LI><a href="#[11d]">&gt;&gt;</a>&nbsp;&nbsp;&nbsp;__aeabi_memcpy
</UL>
<BR>[Address Reference Count : 1]<UL><LI> data_builder.o(i.inv_init_data_builder)
</UL>
<P><STRONG><a name="[28e]"></a>inv_set_contiguous</STRONG> (Thumb, 124 bytes, Stack size 0 bytes, data_builder.o(i.inv_set_contiguous))
<BR><BR>[Called By]<UL><LI><a href="#[28d]">&gt;&gt;</a>&nbsp;&nbsp;&nbsp;inv_execute_on_data
</UL>

<P><STRONG><a name="[29f]"></a>inv_row_2_scale</STRONG> (Thumb, 72 bytes, Stack size 0 bytes, ml_math_func.o(i.inv_row_2_scale))
<BR><BR>[Called By]<UL><LI><a href="#[29e]">&gt;&gt;</a>&nbsp;&nbsp;&nbsp;inv_orientation_matrix_to_scalar
</UL>

<P><STRONG><a name="[25a]"></a>__print_result_location</STRONG> (Thumb, 22 bytes, Stack size 16 bytes, mpl.o(i.__print_result_location))
<BR><BR>[Stack]<UL><LI>Max Depth = 456 + Unknown Stack Size
<LI>Call Chain = __print_result_location &rArr; _MLPrintLog &rArr; vsprintf &rArr; _printf_char_common &rArr; __printf
</UL>
<BR>[Calls]<UL><LI><a href="#[245]">&gt;&gt;</a>&nbsp;&nbsp;&nbsp;_MLPrintLog
</UL>
<BR>[Called By]<UL><LI><a href="#[2a1]">&gt;&gt;</a>&nbsp;&nbsp;&nbsp;inv_start_mpl
<LI><a href="#[29b]">&gt;&gt;</a>&nbsp;&nbsp;&nbsp;inv_init_mpl
</UL>

<P><STRONG><a name="[ad]"></a>inv_check_peaks</STRONG> (Thumb, 486 bytes, Stack size 72 bytes, compass_vec_cal.o(.text))
<BR><BR>[Stack]<UL><LI>Max Depth = 104<LI>Call Chain = inv_check_peaks &rArr; __aeabi_dmul
</UL>
<BR>[Calls]<UL><LI><a href="#[b0]">&gt;&gt;</a>&nbsp;&nbsp;&nbsp;__aeabi_cdrcmple
<LI><a href="#[b1]">&gt;&gt;</a>&nbsp;&nbsp;&nbsp;__aeabi_dmul
<LI><a href="#[af]">&gt;&gt;</a>&nbsp;&nbsp;&nbsp;__aeabi_cdcmple
<LI><a href="#[ae]">&gt;&gt;</a>&nbsp;&nbsp;&nbsp;__aeabi_i2d
<LI><a href="#[b2]">&gt;&gt;</a>&nbsp;&nbsp;&nbsp;__aeabi_dsub
<LI><a href="#[b3]">&gt;&gt;</a>&nbsp;&nbsp;&nbsp;__aeabi_dadd
</UL>
<BR>[Called By]<UL><LI><a href="#[d5]">&gt;&gt;</a>&nbsp;&nbsp;&nbsp;inv_process_compass_only_cal
</UL>

<P><STRONG><a name="[c8]"></a>inv_ignore_compass_data</STRONG> (Thumb, 252 bytes, Stack size 24 bytes, compass_vec_cal.o(.text))
<BR><BR>[Stack]<UL><LI>Max Depth = 160<LI>Call Chain = inv_ignore_compass_data &rArr; inv_add_compass_block_data &rArr; __hardfp_sqrt &rArr; _dsqrt &rArr; __fpl_dnaninf
</UL>
<BR>[Calls]<UL><LI><a href="#[cb]">&gt;&gt;</a>&nbsp;&nbsp;&nbsp;inv_check_sample_balance
<LI><a href="#[c6]">&gt;&gt;</a>&nbsp;&nbsp;&nbsp;inv_add_compass_block_data
<LI><a href="#[c9]">&gt;&gt;</a>&nbsp;&nbsp;&nbsp;inv_get_large_mag_field
<LI><a href="#[ca]">&gt;&gt;</a>&nbsp;&nbsp;&nbsp;inv_get_compass_state
<LI><a href="#[cc]">&gt;&gt;</a>&nbsp;&nbsp;&nbsp;inv_get_gyro_sum_of_sqr
</UL>
<BR>[Called By]<UL><LI><a href="#[d5]">&gt;&gt;</a>&nbsp;&nbsp;&nbsp;inv_process_compass_only_cal
</UL>

<P><STRONG><a name="[cd]"></a>inv_bias_stability</STRONG> (Thumb, 368 bytes, Stack size 120 bytes, compass_vec_cal.o(.text))
<BR><BR>[Stack]<UL><LI>Max Depth = 152<LI>Call Chain = inv_bias_stability &rArr; __aeabi_cdcmple
</UL>
<BR>[Calls]<UL><LI><a href="#[b0]">&gt;&gt;</a>&nbsp;&nbsp;&nbsp;__aeabi_cdrcmple
<LI><a href="#[af]">&gt;&gt;</a>&nbsp;&nbsp;&nbsp;__aeabi_cdcmple
<LI><a href="#[b2]">&gt;&gt;</a>&nbsp;&nbsp;&nbsp;__aeabi_dsub
<LI><a href="#[ce]">&gt;&gt;</a>&nbsp;&nbsp;&nbsp;__aeabi_memcpy4
</UL>
<BR>[Called By]<UL><LI><a href="#[d5]">&gt;&gt;</a>&nbsp;&nbsp;&nbsp;inv_process_compass_only_cal
</UL>

<P><STRONG><a name="[d6]"></a>inv_set_peaks</STRONG> (Thumb, 86 bytes, Stack size 12 bytes, compass_vec_cal.o(.text))
<BR><BR>[Stack]<UL><LI>Max Depth = 12<LI>Call Chain = inv_set_peaks
</UL>
<BR>[Called By]<UL><LI><a href="#[d5]">&gt;&gt;</a>&nbsp;&nbsp;&nbsp;inv_process_compass_only_cal
</UL>

<P><STRONG><a name="[de]"></a>inv_init_sensitivity_const</STRONG> (Thumb, 94 bytes, Stack size 16 bytes, compass_vec_cal.o(.text))
<BR><BR>[Stack]<UL><LI>Max Depth = 24<LI>Call Chain = inv_init_sensitivity_const &rArr; __aeabi_ldivmod
</UL>
<BR>[Calls]<UL><LI><a href="#[ae]">&gt;&gt;</a>&nbsp;&nbsp;&nbsp;__aeabi_i2d
<LI><a href="#[e9]">&gt;&gt;</a>&nbsp;&nbsp;&nbsp;__aeabi_ldivmod
</UL>
<BR>[Called By]<UL><LI><a href="#[dd]">&gt;&gt;</a>&nbsp;&nbsp;&nbsp;inv_generate_vector_compass_cal
</UL>

<P><STRONG><a name="[f7]"></a>inv_reset_packet</STRONG> (Thumb, 30 bytes, Stack size 8 bytes, fast_no_motion.o(.text))
<BR><BR>[Stack]<UL><LI>Max Depth = 16<LI>Call Chain = inv_reset_packet &rArr; inv_init_maxmin
</UL>
<BR>[Calls]<UL><LI><a href="#[f1]">&gt;&gt;</a>&nbsp;&nbsp;&nbsp;inv_init_maxmin
<LI><a href="#[d4]">&gt;&gt;</a>&nbsp;&nbsp;&nbsp;__aeabi_memclr4
</UL>
<BR>[Called By]<UL><LI><a href="#[fd]">&gt;&gt;</a>&nbsp;&nbsp;&nbsp;inv_generate_fast_nomot
<LI><a href="#[f6]">&gt;&gt;</a>&nbsp;&nbsp;&nbsp;inv_detect_motion_by_gyro_accel
</UL>

<P><STRONG><a name="[10b]"></a>inv_find_synchronized_compass_angle</STRONG> (Thumb, 172 bytes, Stack size 48 bytes, fusion_9axis.o(.text))
<BR><BR>[Stack]<UL><LI>Max Depth = 144<LI>Call Chain = inv_find_synchronized_compass_angle &rArr; inv_compass_angle &rArr; __hardfp_atan2f
</UL>
<BR>[Calls]<UL><LI><a href="#[d2]">&gt;&gt;</a>&nbsp;&nbsp;&nbsp;inv_q_mult
<LI><a href="#[10d]">&gt;&gt;</a>&nbsp;&nbsp;&nbsp;inv_compass_angle
<LI><a href="#[10c]">&gt;&gt;</a>&nbsp;&nbsp;&nbsp;__aeabi_memmove4
</UL>
<BR>[Called By]<UL><LI><a href="#[10f]">&gt;&gt;</a>&nbsp;&nbsp;&nbsp;inv_perform_9x_fusion
</UL>

<P><STRONG><a name="[69]"></a>inv_gtc_load</STRONG> (Thumb, 38 bytes, Stack size 24 bytes, gyro_tc.o(.text))
<BR><BR>[Stack]<UL><LI>Max Depth = 24<LI>Call Chain = inv_gtc_load
</UL>
<BR>[Calls]<UL><LI><a href="#[11d]">&gt;&gt;</a>&nbsp;&nbsp;&nbsp;__aeabi_memcpy
</UL>
<BR>[Address Reference Count : 1]<UL><LI> gyro_tc.o(.text)
</UL>
<P><STRONG><a name="[68]"></a>inv_gtc_store</STRONG> (Thumb, 32 bytes, Stack size 24 bytes, gyro_tc.o(.text))
<BR><BR>[Stack]<UL><LI>Max Depth = 24<LI>Call Chain = inv_gtc_store
</UL>
<BR>[Calls]<UL><LI><a href="#[11d]">&gt;&gt;</a>&nbsp;&nbsp;&nbsp;__aeabi_memcpy
</UL>
<BR>[Address Reference Count : 1]<UL><LI> gyro_tc.o(.text)
</UL>
<P><STRONG><a name="[11e]"></a>inv_gtc_compute_slope</STRONG> (Thumb, 478 bytes, Stack size 104 bytes, gyro_tc.o(.text))
<BR><BR>[Stack]<UL><LI>Max Depth = 112<LI>Call Chain = inv_gtc_compute_slope &rArr; __aeabi_ldivmod
</UL>
<BR>[Calls]<UL><LI><a href="#[d4]">&gt;&gt;</a>&nbsp;&nbsp;&nbsp;__aeabi_memclr4
<LI><a href="#[e9]">&gt;&gt;</a>&nbsp;&nbsp;&nbsp;__aeabi_ldivmod
</UL>
<BR>[Called By]<UL><LI><a href="#[67]">&gt;&gt;</a>&nbsp;&nbsp;&nbsp;inv_gtc_data_cb
</UL>

<P><STRONG><a name="[11f]"></a>inv_gtc_add_data</STRONG> (Thumb, 204 bytes, Stack size 24 bytes, gyro_tc.o(.text))
<BR><BR>[Stack]<UL><LI>Max Depth = 32<LI>Call Chain = inv_gtc_add_data &rArr; __aeabi_memmove4
</UL>
<BR>[Calls]<UL><LI><a href="#[10c]">&gt;&gt;</a>&nbsp;&nbsp;&nbsp;__aeabi_memmove4
</UL>
<BR>[Called By]<UL><LI><a href="#[67]">&gt;&gt;</a>&nbsp;&nbsp;&nbsp;inv_gtc_data_cb
</UL>

<P><STRONG><a name="[67]"></a>inv_gtc_data_cb</STRONG> (Thumb, 144 bytes, Stack size 32 bytes, gyro_tc.o(.text))
<BR><BR>[Stack]<UL><LI>Max Depth = 144<LI>Call Chain = inv_gtc_data_cb &rArr; inv_gtc_compute_slope &rArr; __aeabi_ldivmod
</UL>
<BR>[Calls]<UL><LI><a href="#[f3]">&gt;&gt;</a>&nbsp;&nbsp;&nbsp;inv_set_gyro_bias
<LI><a href="#[122]">&gt;&gt;</a>&nbsp;&nbsp;&nbsp;inv_get_gyro_bias_tc_set
<LI><a href="#[120]">&gt;&gt;</a>&nbsp;&nbsp;&nbsp;inv_get_gyro_bias
<LI><a href="#[11f]">&gt;&gt;</a>&nbsp;&nbsp;&nbsp;inv_gtc_add_data
<LI><a href="#[11e]">&gt;&gt;</a>&nbsp;&nbsp;&nbsp;inv_gtc_compute_slope
<LI><a href="#[121]">&gt;&gt;</a>&nbsp;&nbsp;&nbsp;inv_get_motion_state
</UL>
<BR>[Address Reference Count : 1]<UL><LI> gyro_tc.o(.text)
</UL>
<P><STRONG><a name="[13d]"></a>accel_fusion</STRONG> (Thumb, 458 bytes, Stack size 128 bytes, quaternion_supervisor.o(.text))
<BR><BR>[Stack]<UL><LI>Max Depth = 160<LI>Call Chain = accel_fusion &rArr; inv_q_norm4 &rArr; __hardfp_sqrtf &rArr; __set_errno
</UL>
<BR>[Calls]<UL><LI><a href="#[140]">&gt;&gt;</a>&nbsp;&nbsp;&nbsp;inv_q_norm4
<LI><a href="#[113]">&gt;&gt;</a>&nbsp;&nbsp;&nbsp;inv_q_multf
<LI><a href="#[13e]">&gt;&gt;</a>&nbsp;&nbsp;&nbsp;inv_q_invertf
<LI><a href="#[13f]">&gt;&gt;</a>&nbsp;&nbsp;&nbsp;inv_q_addf
<LI><a href="#[ba]">&gt;&gt;</a>&nbsp;&nbsp;&nbsp;__hardfp_sqrtf
</UL>
<BR>[Called By]<UL><LI><a href="#[147]">&gt;&gt;</a>&nbsp;&nbsp;&nbsp;inv_generate_accel_gyro_quaternion
</UL>

<P><STRONG><a name="[141]"></a>inv_compute_quat_from_accel</STRONG> (Thumb, 300 bytes, Stack size 48 bytes, quaternion_supervisor.o(.text))
<BR><BR>[Stack]<UL><LI>Max Depth = 72<LI>Call Chain = inv_compute_quat_from_accel &rArr; __hardfp_sqrtf &rArr; __set_errno
</UL>
<BR>[Calls]<UL><LI><a href="#[ba]">&gt;&gt;</a>&nbsp;&nbsp;&nbsp;__hardfp_sqrtf
</UL>
<BR>[Called By]<UL><LI><a href="#[147]">&gt;&gt;</a>&nbsp;&nbsp;&nbsp;inv_generate_accel_gyro_quaternion
</UL>

<P><STRONG><a name="[142]"></a>inv_normalize_quat</STRONG> (Thumb, 194 bytes, Stack size 16 bytes, quaternion_supervisor.o(.text))
<BR><BR>[Stack]<UL><LI>Max Depth = 40<LI>Call Chain = inv_normalize_quat &rArr; __hardfp_sqrtf &rArr; __set_errno
</UL>
<BR>[Calls]<UL><LI><a href="#[ba]">&gt;&gt;</a>&nbsp;&nbsp;&nbsp;__hardfp_sqrtf
</UL>
<BR>[Called By]<UL><LI><a href="#[147]">&gt;&gt;</a>&nbsp;&nbsp;&nbsp;inv_generate_accel_gyro_quaternion
<LI><a href="#[143]">&gt;&gt;</a>&nbsp;&nbsp;&nbsp;inv_generate_gyro_quaternion
<LI><a href="#[145]">&gt;&gt;</a>&nbsp;&nbsp;&nbsp;inv_process_dmp_quaternion
</UL>

<P><STRONG><a name="[145]"></a>inv_process_dmp_quaternion</STRONG> (Thumb, 438 bytes, Stack size 88 bytes, quaternion_supervisor.o(.text))
<BR><BR>[Stack]<UL><LI>Max Depth = 128<LI>Call Chain = inv_process_dmp_quaternion &rArr; inv_normalize_quat &rArr; __hardfp_sqrtf &rArr; __set_errno
</UL>
<BR>[Calls]<UL><LI><a href="#[c5]">&gt;&gt;</a>&nbsp;&nbsp;&nbsp;inv_convert_to_body_with_scale
<LI><a href="#[120]">&gt;&gt;</a>&nbsp;&nbsp;&nbsp;inv_get_gyro_bias
<LI><a href="#[142]">&gt;&gt;</a>&nbsp;&nbsp;&nbsp;inv_normalize_quat
<LI><a href="#[d2]">&gt;&gt;</a>&nbsp;&nbsp;&nbsp;inv_q_mult
<LI><a href="#[d1]">&gt;&gt;</a>&nbsp;&nbsp;&nbsp;inv_q_invert
<LI><a href="#[ba]">&gt;&gt;</a>&nbsp;&nbsp;&nbsp;__hardfp_sqrtf
<LI><a href="#[112]">&gt;&gt;</a>&nbsp;&nbsp;&nbsp;__hardfp_sinf
<LI><a href="#[b6]">&gt;&gt;</a>&nbsp;&nbsp;&nbsp;__hardfp_cosf
<LI><a href="#[135]">&gt;&gt;</a>&nbsp;&nbsp;&nbsp;memcmp
</UL>
<BR>[Called By]<UL><LI><a href="#[147]">&gt;&gt;</a>&nbsp;&nbsp;&nbsp;inv_generate_accel_gyro_quaternion
</UL>

<P><STRONG><a name="[6a]"></a>inv_generate_quaternion</STRONG> (Thumb, 68 bytes, Stack size 16 bytes, quaternion_supervisor.o(.text))
<BR><BR>[Stack]<UL><LI>Max Depth = 280<LI>Call Chain = inv_generate_quaternion &rArr; inv_generate_accel_gyro_quaternion &rArr; accel_fusion &rArr; inv_q_norm4 &rArr; __hardfp_sqrtf &rArr; __set_errno
</UL>
<BR>[Calls]<UL><LI><a href="#[147]">&gt;&gt;</a>&nbsp;&nbsp;&nbsp;inv_generate_accel_gyro_quaternion
<LI><a href="#[14a]">&gt;&gt;</a>&nbsp;&nbsp;&nbsp;inv_store_gaming_quaternion
</UL>
<BR>[Address Reference Count : 1]<UL><LI> quaternion_supervisor.o(.text)
</UL>
<P><STRONG><a name="[151]"></a>inv_check_push</STRONG> (Thumb, 352 bytes, Stack size 72 bytes, accel_auto_cal.o(.text))
<BR><BR>[Stack]<UL><LI>Max Depth = 132<LI>Call Chain = inv_check_push &rArr; inv_set_accel_bias_mask &rArr; inv_apply_calibration &rArr; inv_convert_to_body_with_scale
</UL>
<BR>[Calls]<UL><LI><a href="#[110]">&gt;&gt;</a>&nbsp;&nbsp;&nbsp;inv_get_gravity
<LI><a href="#[152]">&gt;&gt;</a>&nbsp;&nbsp;&nbsp;inv_set_accel_bias_mask
<LI><a href="#[154]">&gt;&gt;</a>&nbsp;&nbsp;&nbsp;inv_set_accel_accuracy
<LI><a href="#[150]">&gt;&gt;</a>&nbsp;&nbsp;&nbsp;inv_get_current_calibrated_accel
<LI><a href="#[153]">&gt;&gt;</a>&nbsp;&nbsp;&nbsp;inv_set_accel_bias_found
<LI><a href="#[149]">&gt;&gt;</a>&nbsp;&nbsp;&nbsp;inv_get_linear_accel
<LI><a href="#[10c]">&gt;&gt;</a>&nbsp;&nbsp;&nbsp;__aeabi_memmove4
</UL>
<BR>[Called By]<UL><LI><a href="#[15f]">&gt;&gt;</a>&nbsp;&nbsp;&nbsp;inv_auto_calibrate
</UL>

<P><STRONG><a name="[155]"></a>inv_check_coverage_set_bias</STRONG> (Thumb, 318 bytes, Stack size 40 bytes, accel_auto_cal.o(.text))
<BR><BR>[Stack]<UL><LI>Max Depth = 72<LI>Call Chain = inv_check_coverage_set_bias &rArr; __aeabi_cdcmple
</UL>
<BR>[Calls]<UL><LI><a href="#[156]">&gt;&gt;</a>&nbsp;&nbsp;&nbsp;__hardfp_fabs
<LI><a href="#[af]">&gt;&gt;</a>&nbsp;&nbsp;&nbsp;__aeabi_cdcmple
<LI><a href="#[d9]">&gt;&gt;</a>&nbsp;&nbsp;&nbsp;__aeabi_d2iz
<LI><a href="#[b2]">&gt;&gt;</a>&nbsp;&nbsp;&nbsp;__aeabi_dsub
</UL>
<BR>[Called By]<UL><LI><a href="#[15f]">&gt;&gt;</a>&nbsp;&nbsp;&nbsp;inv_auto_calibrate
</UL>

<P><STRONG><a name="[157]"></a>inv_combine_data_calculate_bias</STRONG> (Thumb, 268 bytes, Stack size 24 bytes, accel_auto_cal.o(.text))
<BR><BR>[Stack]<UL><LI>Max Depth = 272<LI>Call Chain = inv_combine_data_calculate_bias &rArr; inv_compute_bias &rArr; __hardfp_sqrt &rArr; _dsqrt &rArr; __fpl_dnaninf
</UL>
<BR>[Calls]<UL><LI><a href="#[f2]">&gt;&gt;</a>&nbsp;&nbsp;&nbsp;inv_q30_mult
<LI><a href="#[bd]">&gt;&gt;</a>&nbsp;&nbsp;&nbsp;inv_compute_bias
<LI><a href="#[bb]">&gt;&gt;</a>&nbsp;&nbsp;&nbsp;inv_combine_compass_data
<LI><a href="#[b7]">&gt;&gt;</a>&nbsp;&nbsp;&nbsp;__aeabi_f2d
<LI><a href="#[b0]">&gt;&gt;</a>&nbsp;&nbsp;&nbsp;__aeabi_cdrcmple
<LI><a href="#[d9]">&gt;&gt;</a>&nbsp;&nbsp;&nbsp;__aeabi_d2iz
</UL>
<BR>[Called By]<UL><LI><a href="#[15f]">&gt;&gt;</a>&nbsp;&nbsp;&nbsp;inv_auto_calibrate
</UL>

<P><STRONG><a name="[15d]"></a>set_sample_rate</STRONG> (Thumb, 82 bytes, Stack size 8 bytes, accel_auto_cal.o(.text))
<BR><BR>[Stack]<UL><LI>Max Depth = 192<LI>Call Chain = set_sample_rate &rArr; __hardfp_cos &rArr; __ieee754_rem_pio2 &rArr; __aeabi_dmul
</UL>
<BR>[Calls]<UL><LI><a href="#[15e]">&gt;&gt;</a>&nbsp;&nbsp;&nbsp;__hardfp_cos
<LI><a href="#[b7]">&gt;&gt;</a>&nbsp;&nbsp;&nbsp;__aeabi_f2d
<LI><a href="#[b1]">&gt;&gt;</a>&nbsp;&nbsp;&nbsp;__aeabi_dmul
<LI><a href="#[d9]">&gt;&gt;</a>&nbsp;&nbsp;&nbsp;__aeabi_d2iz
</UL>
<BR>[Called By]<UL><LI><a href="#[15f]">&gt;&gt;</a>&nbsp;&nbsp;&nbsp;inv_auto_calibrate
</UL>

<P><STRONG><a name="[2d7]"></a>_dadd1</STRONG> (Thumb, 0 bytes, Stack size unknown bytes, daddsub_clz.o(x$fpl$dadd), UNUSED)
<BR><BR>[Called By]<UL><LI><a href="#[2d8]">&gt;&gt;</a>&nbsp;&nbsp;&nbsp;_dsub
<LI><a href="#[2d6]">&gt;&gt;</a>&nbsp;&nbsp;&nbsp;_drsb
</UL>

<P><STRONG><a name="[2cb]"></a>_dsub1</STRONG> (Thumb, 0 bytes, Stack size unknown bytes, daddsub_clz.o(x$fpl$dsub), UNUSED)
<BR><BR>[Called By]<UL><LI><a href="#[2d6]">&gt;&gt;</a>&nbsp;&nbsp;&nbsp;_drsb
<LI><a href="#[2ca]">&gt;&gt;</a>&nbsp;&nbsp;&nbsp;_dadd
</UL>

<P><STRONG><a name="[183]"></a>_fp_digits</STRONG> (Thumb, 428 bytes, Stack size 96 bytes, _printf_fp_dec.o(.text))
<BR><BR>[Stack]<UL><LI>Max Depth = 216<LI>Call Chain = _fp_digits &rArr; _btod_etento &rArr; _btod_emul &rArr; _e2e
</UL>
<BR>[Calls]<UL><LI><a href="#[187]">&gt;&gt;</a>&nbsp;&nbsp;&nbsp;_btod_emul
<LI><a href="#[186]">&gt;&gt;</a>&nbsp;&nbsp;&nbsp;_btod_ediv
<LI><a href="#[185]">&gt;&gt;</a>&nbsp;&nbsp;&nbsp;_btod_d2e
<LI><a href="#[184]">&gt;&gt;</a>&nbsp;&nbsp;&nbsp;_btod_etento
<LI><a href="#[188]">&gt;&gt;</a>&nbsp;&nbsp;&nbsp;_ll_udiv10
</UL>
<BR>[Called By]<UL><LI><a href="#[189]">&gt;&gt;</a>&nbsp;&nbsp;&nbsp;_printf_fp_dec_real
</UL>

<P><STRONG><a name="[6c]"></a>_printf_input_char</STRONG> (Thumb, 10 bytes, Stack size 0 bytes, _printf_char_common.o(.text))
<BR>[Address Reference Count : 1]<UL><LI> _printf_char_common.o(.text)
</UL><P>
<H3>
Undefined Global Symbols
</H3><HR></body></html>
