<html>
<body>
<pre>
<h1>µVision Build Log</h1>
<h2>Tool Versions:</h2>
IDE-Version: ¦ÌVision V5.20.0.39
Copyright (C) 2016 ARM Ltd and ARM Germany GmbH. All rights reserved.
License Information: zl AutoBVT, Microsoft, LIC=EPPMM-XIKDY-247SS-LCJ9N-MU3X9-EZ4GS
 
Tool Versions:
Toolchain:       MDK-ARM Professional  Version: 5.23
Toolchain Path:  E:\MySoftware\Keil_ARM\ARM\ARMCC\Bin
C Compiler:      Armcc.exe V5.06 update 4 (build 422)
Assembler:       Armasm.exe V5.06 update 4 (build 422)
Linker/Locator:  ArmLink.exe V5.06 update 4 (build 422)
Library Manager: ArmAr.exe V5.06 update 4 (build 422)
Hex Converter:   FromElf.exe V5.06 update 4 (build 422)
CPU DLL:         SARMCM3.DLL V5.23
Dialog DLL:      DCM.DLL V1.15.0.0
Target DLL:      STLink\ST-LINKIII-KEIL_SWO.dll V2.0.18.0
Dialog DLL:      TCM.DLL V1.27.0.0
 
<h2>Project:</h2>
C:\Users\Administrator\Desktop\stm32f407\car\MDK-ARM\car.uvprojx
Project File Date:  06/29/2018

<h2>Output:</h2>
*** Using Compiler 'V5.06 update 4 (build 422)', folder: 'E:\MySoftware\Keil_ARM\ARM\ARMCC\Bin'
Build target 'car'
compiling system_stm32f4xx.c...
compiling main.c...
compiling stm32f4xx_hal_msp.c...
compiling iwdg.c...
compiling usbd_desc.c...
compiling usbd_cdc_if.c...
compiling stm32f4xx_it.c...
compiling fatfs.c...
compiling usbd_conf.c...
compiling i2c.c...
compiling usb_device.c...
compiling bsp_driver_sd.c...
compiling rtc.c...
compiling usart.c...
compiling sdio.c...
compiling spi.c...
compiling adc.c...
compiling gpio.c...
compiling tim.c...
compiling usbd_ctlreq.c...
compiling usbd_ioreq.c...
assembling startup_stm32f407xx.s...
compiling usbd_cdc.c...
compiling usbd_core.c...
compiling diskio.c...
compiling ff.c...
compiling syscall.c...
compiling sd_diskio.c...
compiling ff_gen_drv.c...
compiling stm32f4xx_hal_tim_ex.c...
compiling stm32f4xx_hal_flash.c...
compiling stm32f4xx_hal_gpio.c...
compiling stm32f4xx_hal_pwr.c...
compiling stm32f4xx_hal_iwdg.c...
compiling stm32f4xx_hal.c...
compiling stm32f4xx_hal_adc_ex.c...
compiling stm32f4xx_hal_rcc_ex.c...
compiling stm32f4xx_hal_i2c.c...
compiling stm32f4xx_hal_rtc.c...
compiling stm32f4xx_ll_usb.c...
compiling stm32f4xx_hal_uart.c...
compiling stm32f4xx_hal_pwr_ex.c...
compiling stm32f4xx_hal_dma.c...
compiling stm32f4xx_hal_cortex.c...
compiling stm32f4xx_hal_rtc_ex.c...
compiling stm32f4xx_hal_adc.c...
compiling stm32f4xx_hal_tim.c...
compiling stm32f4xx_hal_pcd.c...
compiling stm32f4xx_hal_i2c_ex.c...
compiling stm32f4xx_hal_pcd_ex.c...
compiling stm32f4xx_hal_dma_ex.c...
compiling stm32f4xx_hal_spi.c...
compiling stm32f4xx_ll_sdmmc.c...
compiling stm32f4xx_hal_flash_ramfunc.c...
compiling stm32f4xx_hal_sd.c...
compiling stm32f4xx_hal_rcc.c...
compiling stm32f4xx_hal_flash_ex.c...
linking...
Program Size: Code=23600 RO-data=468 RW-data=376 ZI-data=4712  
"car\car.axf" - 0 Error(s), 0 Warning(s).

<h2>Software Packages used:</h2>

Package Vendor: ARM
                http://www.keil.com/pack/ARM.CMSIS.5.0.1.pack
                ARM::CMSIS:CORE:5.0.1
                CMSIS (Cortex Microcontroller Software Interface Standard)
   * Component: CORE Version: 5.0.1

<h2>Collection of Component include folders:</h2>
  C:\Users\Administrator\Desktop\stm32f407\car\MDK-ARM\RTE
  E:\MySoftware\Keil_ARM\ARM\PACK\ARM\CMSIS\5.0.1\CMSIS\Include

<h2>Collection of Component Files used:</h2>

   * Component: ARM::CMSIS:CORE:5.0.1
Build Time Elapsed:  00:02:31
</pre>
</body>
</html>
