<html>
<body>
<pre>
<h1>µVision Build Log</h1>
<h2>Tool Versions:</h2>
IDE-Version: ¦ÌVision V5.20.0.39
Copyright (C) 2016 ARM Ltd and ARM Germany GmbH. All rights reserved.
License Information: zl AutoBVT, Microsoft, LIC=EPPMM-XIKDY-247SS-LCJ9N-MU3X9-EZ4GS
 
Tool Versions:
Toolchain:       MDK-ARM Professional  Version: 5.23
Toolchain Path:  E:\MySoftware\Keil_ARM\ARM\ARMCC\Bin
C Compiler:      Armcc.exe V5.06 update 4 (build 422)
Assembler:       Armasm.exe V5.06 update 4 (build 422)
Linker/Locator:  ArmLink.exe V5.06 update 4 (build 422)
Library Manager: ArmAr.exe V5.06 update 4 (build 422)
Hex Converter:   FromElf.exe V5.06 update 4 (build 422)
CPU DLL:         SARMCM3.DLL V5.23
Dialog DLL:      DCM.DLL V1.15.0.0
Target DLL:      Segger\JL2CM3.dll V2.99.23.0
Dialog DLL:      TCM.DLL V1.27.0.0
 
<h2>Project:</h2>
C:\Users\Administrator\Desktop\IAP-Ymodem\USER\IAP.uvprojx
Project File Date:  07/22/2018

<h2>Output:</h2>
*** Using Compiler 'V5.06 update 4 (build 422)', folder: 'E:\MySoftware\Keil_ARM\ARM\ARMCC\Bin'
Build target 'IAP'
compiling system_stm32f4xx.c...
compiling stm32f4xx_it.c...
compiling main.c...
compiling beep.c...
compiling led.c...
compiling key.c...
compiling delay.c...
compiling stmflash.c...
compiling tft_display.c...
assembling startup_stm32f40_41xxx.s...
compiling usart.c...
compiling sys.c...
compiling misc.c...
compiling stm32f4xx_gpio.c...
compiling stm32f4xx_fsmc.c...
compiling stm32f4xx_rcc.c...
compiling stm32f4xx_syscfg.c...
compiling stm32f4xx_usart.c...
compiling stm32f4xx_flash.c...
compiling stm32f4xx_spi.c...
compiling common.c...
compiling menu.c...
compiling ymodem.c...
linking...
Program Size: Code=10150 RO-data=6982 RW-data=20 ZI-data=3444  
FromELF: creating hex file...
"..\OBJ\IAP.axf" - 0 Error(s), 0 Warning(s).

<h2>Collection of Component include folders:</h2>
  C:\Users\Administrator\Desktop\IAP-Ymodem\USER\RTE
  E:\MySoftware\Keil_ARM\ARM\PACK\Keil\STM32F4xx_DFP\1.0.8\Device\Include

<h2>Collection of Component Files used:</h2>
Build Time Elapsed:  00:00:12
</pre>
</body>
</html>
